INSTRUMENTATION_STATUS: class=paint.anpaint.android.EditorDeviceTest
INSTRUMENTATION_STATUS: current=1
INSTRUMENTATION_STATUS: id=AndroidJUnitRunner
INSTRUMENTATION_STATUS: numtests=17
INSTRUMENTATION_STATUS: stream=
paint.anpaint.android.EditorDeviceTest:
INSTRUMENTATION_STATUS: test=saveAsJpegXlAndSubsequentSavePreserveEveryCanvasPixel
INSTRUMENTATION_STATUS_CODE: 1
INSTRUMENTATION_STATUS: class=paint.anpaint.android.EditorDeviceTest
INSTRUMENTATION_STATUS: current=1
INSTRUMENTATION_STATUS: id=AndroidJUnitRunner
INSTRUMENTATION_STATUS: numtests=17
INSTRUMENTATION_STATUS: stream=.
INSTRUMENTATION_STATUS: test=saveAsJpegXlAndSubsequentSavePreserveEveryCanvasPixel
INSTRUMENTATION_STATUS_CODE: 0
INSTRUMENTATION_STATUS: class=paint.anpaint.android.EditorDeviceTest
INSTRUMENTATION_STATUS: current=2
INSTRUMENTATION_STATUS: id=AndroidJUnitRunner
INSTRUMENTATION_STATUS: numtests=17
INSTRUMENTATION_STATUS: stream=
INSTRUMENTATION_STATUS: test=insertedCreditsRemainOriginalAndCopyableAfterChoosingVerticalEnglish
INSTRUMENTATION_STATUS_CODE: 1
INSTRUMENTATION_STATUS: class=paint.anpaint.android.EditorDeviceTest
INSTRUMENTATION_STATUS: current=2
INSTRUMENTATION_STATUS: id=AndroidJUnitRunner
INSTRUMENTATION_STATUS: numtests=17
INSTRUMENTATION_STATUS: stream=.
INSTRUMENTATION_STATUS: test=insertedCreditsRemainOriginalAndCopyableAfterChoosingVerticalEnglish
INSTRUMENTATION_STATUS_CODE: 0
INSTRUMENTATION_STATUS: class=paint.anpaint.android.EditorDeviceTest
INSTRUMENTATION_STATUS: current=3
INSTRUMENTATION_STATUS: id=AndroidJUnitRunner
INSTRUMENTATION_STATUS: numtests=17
INSTRUMENTATION_STATUS: stream=
INSTRUMENTATION_STATUS: test=jpegQualityChangesOutputAndEveryAdditionalFormatReachesTheCorrectFilePicker
INSTRUMENTATION_STATUS_CODE: 1
INSTRUMENTATION_STATUS: class=paint.anpaint.android.EditorDeviceTest
INSTRUMENTATION_STATUS: current=3
INSTRUMENTATION_STATUS: id=AndroidJUnitRunner
INSTRUMENTATION_STATUS: numtests=17
INSTRUMENTATION_STATUS: stream=.
INSTRUMENTATION_STATUS: test=jpegQualityChangesOutputAndEveryAdditionalFormatReachesTheCorrectFilePicker
INSTRUMENTATION_STATUS_CODE: 0
INSTRUMENTATION_STATUS: class=paint.anpaint.android.EditorDeviceTest
INSTRUMENTATION_STATUS: current=4
INSTRUMENTATION_STATUS: id=AndroidJUnitRunner
INSTRUMENTATION_STATUS: numtests=17
INSTRUMENTATION_STATUS: stream=
INSTRUMENTATION_STATUS: test=lossyJpegXlAndAvifQualityControlsChangeTheEncodedImage
INSTRUMENTATION_STATUS_CODE: 1
INSTRUMENTATION_STATUS: class=paint.anpaint.android.EditorDeviceTest
INSTRUMENTATION_STATUS: current=4
INSTRUMENTATION_STATUS: id=AndroidJUnitRunner
INSTRUMENTATION_STATUS: numtests=17
INSTRUMENTATION_STATUS: stream=.
INSTRUMENTATION_STATUS: test=lossyJpegXlAndAvifQualityControlsChangeTheEncodedImage
INSTRUMENTATION_STATUS_CODE: 0
INSTRUMENTATION_STATUS: class=paint.anpaint.android.EditorDeviceTest
INSTRUMENTATION_STATUS: current=5
INSTRUMENTATION_STATUS: id=AndroidJUnitRunner
INSTRUMENTATION_STATUS: numtests=17
INSTRUMENTATION_STATUS: stream=
INSTRUMENTATION_STATUS: test=galleryMenuStartsTheCreditedGalleryActivityWithoutRequiringASeparateEditor
INSTRUMENTATION_STATUS_CODE: 1
INSTRUMENTATION_STATUS: class=paint.anpaint.android.EditorDeviceTest
INSTRUMENTATION_STATUS: current=5
INSTRUMENTATION_STATUS: id=AndroidJUnitRunner
INSTRUMENTATION_STATUS: numtests=17
INSTRUMENTATION_STATUS: stream=.
INSTRUMENTATION_STATUS: test=galleryMenuStartsTheCreditedGalleryActivityWithoutRequiringASeparateEditor
INSTRUMENTATION_STATUS_CODE: 0
INSTRUMENTATION_STATUS: class=paint.anpaint.android.EditorDeviceTest
INSTRUMENTATION_STATUS: current=6
INSTRUMENTATION_STATUS: id=AndroidJUnitRunner
INSTRUMENTATION_STATUS: numtests=17
INSTRUMENTATION_STATUS: stream=
INSTRUMENTATION_STATUS: test=cursorPositionsUntilVisibleStartControlEnablesRealTouchDrawing
INSTRUMENTATION_STATUS_CODE: 1
INSTRUMENTATION_STATUS: class=paint.anpaint.android.EditorDeviceTest
INSTRUMENTATION_STATUS: current=6
INSTRUMENTATION_STATUS: id=AndroidJUnitRunner
INSTRUMENTATION_STATUS: numtests=17
INSTRUMENTATION_STATUS: stream=.
INSTRUMENTATION_STATUS: test=cursorPositionsUntilVisibleStartControlEnablesRealTouchDrawing
INSTRUMENTATION_STATUS_CODE: 0
INSTRUMENTATION_STATUS: class=paint.anpaint.android.EditorDeviceTest
INSTRUMENTATION_STATUS: current=7
INSTRUMENTATION_STATUS: id=AndroidJUnitRunner
INSTRUMENTATION_STATUS: numtests=17
INSTRUMENTATION_STATUS: stream=
INSTRUMENTATION_STATUS: test=saveAndShareWritesReadablePngBeforeRequestingTheAndroidChooser
INSTRUMENTATION_STATUS_CODE: 1
INSTRUMENTATION_STATUS: class=paint.anpaint.android.EditorDeviceTest
INSTRUMENTATION_STATUS: current=7
INSTRUMENTATION_STATUS: id=AndroidJUnitRunner
INSTRUMENTATION_STATUS: numtests=17
INSTRUMENTATION_STATUS: stream=.
INSTRUMENTATION_STATUS: test=saveAndShareWritesReadablePngBeforeRequestingTheAndroidChooser
INSTRUMENTATION_STATUS_CODE: 0
INSTRUMENTATION_STATUS: class=paint.anpaint.android.EditorDeviceTest
INSTRUMENTATION_STATUS: current=8
INSTRUMENTATION_STATUS: id=AndroidJUnitRunner
INSTRUMENTATION_STATUS: numtests=17
INSTRUMENTATION_STATUS: stream=
INSTRUMENTATION_STATUS: test=largestBundledTermsKeepFooterVisibleAndCopyAllTextThroughTheAndroidClipboard
INSTRUMENTATION_STATUS_CODE: 1
INSTRUMENTATION_STATUS: class=paint.anpaint.android.EditorDeviceTest
INSTRUMENTATION_STATUS: current=8
INSTRUMENTATION_STATUS: id=AndroidJUnitRunner
INSTRUMENTATION_STATUS: numtests=17
INSTRUMENTATION_STATUS: stream=.
INSTRUMENTATION_STATUS: test=largestBundledTermsKeepFooterVisibleAndCopyAllTextThroughTheAndroidClipboard
INSTRUMENTATION_STATUS_CODE: 0
INSTRUMENTATION_STATUS: class=paint.anpaint.android.EditorDeviceTest
INSTRUMENTATION_STATUS: current=9
INSTRUMENTATION_STATUS: id=AndroidJUnitRunner
INSTRUMENTATION_STATUS: numtests=17
INSTRUMENTATION_STATUS: stream=
INSTRUMENTATION_STATUS: test=filePickerLoadsOpaqueImageAndInsertionKeepsTheCurrentCanvas
INSTRUMENTATION_STATUS_CODE: 1
INSTRUMENTATION_STATUS: class=paint.anpaint.android.EditorDeviceTest
INSTRUMENTATION_STATUS: current=9
INSTRUMENTATION_STATUS: id=AndroidJUnitRunner
INSTRUMENTATION_STATUS: numtests=17
INSTRUMENTATION_STATUS: stream=.
INSTRUMENTATION_STATUS: test=filePickerLoadsOpaqueImageAndInsertionKeepsTheCurrentCanvas
INSTRUMENTATION_STATUS_CODE: 0
INSTRUMENTATION_STATUS: class=paint.anpaint.android.EditorDeviceTest
INSTRUMENTATION_STATUS: current=10
INSTRUMENTATION_STATUS: id=AndroidJUnitRunner
INSTRUMENTATION_STATUS: numtests=17
INSTRUMENTATION_STATUS: stream=
INSTRUMENTATION_STATUS: test=watercolorShapesAndNumericBrushControlsWorkInTheInstalledRenderer
INSTRUMENTATION_STATUS_CODE: 1
INSTRUMENTATION_STATUS: class=paint.anpaint.android.EditorDeviceTest
INSTRUMENTATION_STATUS: current=10
INSTRUMENTATION_STATUS: id=AndroidJUnitRunner
INSTRUMENTATION_STATUS: numtests=17
INSTRUMENTATION_STATUS: stream=.
INSTRUMENTATION_STATUS: test=watercolorShapesAndNumericBrushControlsWorkInTheInstalledRenderer
INSTRUMENTATION_STATUS_CODE: 0
INSTRUMENTATION_STATUS: class=paint.anpaint.android.EditorDeviceTest
INSTRUMENTATION_STATUS: current=11
INSTRUMENTATION_STATUS: id=AndroidJUnitRunner
INSTRUMENTATION_STATUS: numtests=17
INSTRUMENTATION_STATUS: stream=
INSTRUMENTATION_STATUS: test=tappingCursorWithAndroidInputTogglesDrawingWithoutLeavingADot
INSTRUMENTATION_STATUS_CODE: 1
INSTRUMENTATION_STATUS: class=paint.anpaint.android.EditorDeviceTest
INSTRUMENTATION_STATUS: current=11
INSTRUMENTATION_STATUS: id=AndroidJUnitRunner
INSTRUMENTATION_STATUS: numtests=17
INSTRUMENTATION_STATUS: stream=.
INSTRUMENTATION_STATUS: test=tappingCursorWithAndroidInputTogglesDrawingWithoutLeavingADot
INSTRUMENTATION_STATUS_CODE: 0
INSTRUMENTATION_STATUS: class=paint.anpaint.android.EditorDeviceTest
INSTRUMENTATION_STATUS: current=12
INSTRUMENTATION_STATUS: id=AndroidJUnitRunner
INSTRUMENTATION_STATUS: numtests=17
INSTRUMENTATION_STATUS: stream=
INSTRUMENTATION_STATUS: test=deviceLanguageRowKeepsTheSystemLabelAcrossRealAppLanguageSwitches
INSTRUMENTATION_STATUS_CODE: 1
INSTRUMENTATION_STATUS: class=paint.anpaint.android.EditorDeviceTest
INSTRUMENTATION_STATUS: current=12
INSTRUMENTATION_STATUS: id=AndroidJUnitRunner
INSTRUMENTATION_STATUS: numtests=17
INSTRUMENTATION_STATUS: stream=.
INSTRUMENTATION_STATUS: test=deviceLanguageRowKeepsTheSystemLabelAcrossRealAppLanguageSwitches
INSTRUMENTATION_STATUS_CODE: 0
INSTRUMENTATION_STATUS: class=paint.anpaint.android.EditorDeviceTest
INSTRUMENTATION_STATUS: current=13
INSTRUMENTATION_STATUS: id=AndroidJUnitRunner
INSTRUMENTATION_STATUS: numtests=17
INSTRUMENTATION_STATUS: stream=
INSTRUMENTATION_STATUS: test=responsiveCategoriesOpenBesideTheToolStripInBothOrientations
INSTRUMENTATION_STATUS_CODE: 1
INSTRUMENTATION_STATUS: class=paint.anpaint.android.EditorDeviceTest
INSTRUMENTATION_STATUS: current=13
INSTRUMENTATION_STATUS: id=AndroidJUnitRunner
INSTRUMENTATION_STATUS: numtests=17
INSTRUMENTATION_STATUS: stream=.
INSTRUMENTATION_STATUS: test=responsiveCategoriesOpenBesideTheToolStripInBothOrientations
INSTRUMENTATION_STATUS_CODE: 0
INSTRUMENTATION_STATUS: class=paint.anpaint.android.EditorDeviceTest
INSTRUMENTATION_STATUS: current=14
INSTRUMENTATION_STATUS: id=AndroidJUnitRunner
INSTRUMENTATION_STATUS: numtests=17
INSTRUMENTATION_STATUS: stream=
INSTRUMENTATION_STATUS: test=insertedCreditsStayCollapsedAndCopyExactlyFromSaveAndExport
INSTRUMENTATION_STATUS_CODE: 1
INSTRUMENTATION_STATUS: class=paint.anpaint.android.EditorDeviceTest
INSTRUMENTATION_STATUS: current=14
INSTRUMENTATION_STATUS: id=AndroidJUnitRunner
INSTRUMENTATION_STATUS: numtests=17
INSTRUMENTATION_STATUS: stream=.
INSTRUMENTATION_STATUS: test=insertedCreditsStayCollapsedAndCopyExactlyFromSaveAndExport
INSTRUMENTATION_STATUS_CODE: 0
INSTRUMENTATION_STATUS: class=paint.anpaint.android.GalleryDraftDeviceTest
INSTRUMENTATION_STATUS: current=15
INSTRUMENTATION_STATUS: id=AndroidJUnitRunner
INSTRUMENTATION_STATUS: numtests=17
INSTRUMENTATION_STATUS: stream=
paint.anpaint.android.GalleryDraftDeviceTest:
INSTRUMENTATION_STATUS: test=savedFirstCreditSurvivesRecreationAndCancellationOfAnEmptySecondDraft
INSTRUMENTATION_STATUS_CODE: 1
INSTRUMENTATION_STATUS: class=paint.anpaint.android.GalleryDraftDeviceTest
INSTRUMENTATION_STATUS: current=15
INSTRUMENTATION_STATUS: id=AndroidJUnitRunner
INSTRUMENTATION_STATUS: numtests=17
INSTRUMENTATION_STATUS: stream=.
INSTRUMENTATION_STATUS: test=savedFirstCreditSurvivesRecreationAndCancellationOfAnEmptySecondDraft
INSTRUMENTATION_STATUS_CODE: 0
INSTRUMENTATION_STATUS: class=paint.anpaint.android.GalleryDraftDeviceTest
INSTRUMENTATION_STATUS: current=16
INSTRUMENTATION_STATUS: id=AndroidJUnitRunner
INSTRUMENTATION_STATUS: numtests=17
INSTRUMENTATION_STATUS: stream=
INSTRUMENTATION_STATUS: test=cancelledRecreatedGalleryDraftKeepsTheOriginalDocumentAndCredits
INSTRUMENTATION_STATUS_CODE: 1
INSTRUMENTATION_STATUS: class=paint.anpaint.android.GalleryDraftDeviceTest
INSTRUMENTATION_STATUS: current=16
INSTRUMENTATION_STATUS: id=AndroidJUnitRunner
INSTRUMENTATION_STATUS: numtests=17
INSTRUMENTATION_STATUS: stream=.
INSTRUMENTATION_STATUS: test=cancelledRecreatedGalleryDraftKeepsTheOriginalDocumentAndCredits
INSTRUMENTATION_STATUS_CODE: 0
INSTRUMENTATION_STATUS: class=paint.anpaint.android.GalleryDraftDeviceTest
INSTRUMENTATION_STATUS: current=17
INSTRUMENTATION_STATUS: id=AndroidJUnitRunner
INSTRUMENTATION_STATUS: numtests=17
INSTRUMENTATION_STATUS: stream=
INSTRUMENTATION_STATUS: test=confirmedRecreatedGalleryDraftReturnsToTheCoveredRecreatedEditor
INSTRUMENTATION_STATUS_CODE: 1
INSTRUMENTATION_STATUS: class=paint.anpaint.android.GalleryDraftDeviceTest
INSTRUMENTATION_STATUS: current=17
INSTRUMENTATION_STATUS: id=AndroidJUnitRunner
INSTRUMENTATION_STATUS: numtests=17
INSTRUMENTATION_STATUS: stream=.
INSTRUMENTATION_STATUS: test=confirmedRecreatedGalleryDraftReturnsToTheCoveredRecreatedEditor
INSTRUMENTATION_STATUS_CODE: 0
INSTRUMENTATION_RESULT: stream=

Time: 162.529

OK (17 tests)


INSTRUMENTATION_CODE: -1
