10-09 11:08:19.094  4237  4254 I TestRunner: started: savedFirstCreditSurvivesRecreationAndCancellationOfAnEmptySecondDraft(paint.anpaint.android.GalleryDraftDeviceTest)
10-09 11:08:19.615  4237  4237 I GalleryDraftDeviceTest: ClassicPaintActivity@25880192 PRE_ON_CREATE task=36
10-09 11:08:19.623  4237  4237 I GalleryDraftDeviceTest: ClassicPaintActivity@25880192 CREATED task=36
10-09 11:08:19.625  4237  4237 I GalleryDraftDeviceTest: ClassicPaintActivity@25880192 STARTED task=36
10-09 11:08:19.626  4237  4237 I GalleryDraftDeviceTest: ClassicPaintActivity@25880192 RESUMED task=36
10-09 11:08:21.519  4237  4237 I GalleryDraftDeviceTest: ClassicPaintActivity@25880192 PAUSED task=36
10-09 11:08:21.538  4237  4237 I GalleryDraftDeviceTest: MediaGalleryActivity@122607049 PRE_ON_CREATE task=36
10-09 11:08:21.577  4237  4237 I GalleryDraftDeviceTest: MediaGalleryActivity@122607049 CREATED task=36
10-09 11:08:21.578  4237  4237 I GalleryDraftDeviceTest: MediaGalleryActivity@122607049 STARTED task=36
10-09 11:08:21.580  4237  4237 I GalleryDraftDeviceTest: MediaGalleryActivity@122607049 RESUMED task=36
10-09 11:08:21.865  4237  4237 I GalleryDraftDeviceTest: ClassicPaintActivity@25880192 STOPPED task=36
10-09 11:08:22.371  4237  4237 I GalleryDraftDeviceTest: MediaGalleryActivity@122607049 PAUSED task=36
10-09 11:08:22.384  4237  4237 I GalleryDraftDeviceTest: MediaGalleryActivity@122607049 STOPPED task=36
10-09 11:08:22.404  4237  4237 I GalleryDraftDeviceTest: MediaGalleryActivity@122607049 DESTROYED task=36
10-09 11:08:22.419  4237  4237 I GalleryDraftDeviceTest: MediaGalleryActivity@143366923 PRE_ON_CREATE task=36
10-09 11:08:22.465  4237  4237 I GalleryDraftDeviceTest: MediaGalleryActivity@143366923 CREATED task=36
10-09 11:08:22.468  4237  4237 I GalleryDraftDeviceTest: MediaGalleryActivity@143366923 STARTED task=36
10-09 11:08:22.469  4237  4237 I GalleryDraftDeviceTest: MediaGalleryActivity@143366923 RESUMED task=36
10-09 11:08:22.752  4237  4237 I GalleryDraftDeviceTest: ClassicPaintActivity@25880192 DESTROYED task=36
10-09 11:08:22.770  4237  4237 I GalleryDraftDeviceTest: ClassicPaintActivity@135321708 PRE_ON_CREATE task=36
10-09 11:08:22.776  4237  4237 I GalleryDraftDeviceTest: ClassicPaintActivity@135321708 CREATED task=36
10-09 11:08:22.777  4237  4237 I GalleryDraftDeviceTest: ClassicPaintActivity@135321708 STARTED task=36
10-09 11:08:22.777  4237  4237 I GalleryDraftDeviceTest: ClassicPaintActivity@135321708 RESUMED task=36
10-09 11:08:22.783  4237  4237 I GalleryDraftDeviceTest: ClassicPaintActivity@135321708 PAUSED task=36
10-09 11:08:22.783  4237  4237 I GalleryDraftDeviceTest: ClassicPaintActivity@135321708 STOPPED task=36
10-09 11:08:22.899  4237  4237 I GalleryDraftDeviceTest: MediaGalleryActivity@143366923 PAUSED task=36
10-09 11:08:22.900  4237  4237 I GalleryDraftDeviceTest: MediaGalleryActivity@143366923 STOPPED task=36
10-09 11:08:22.902  4237  4237 I GalleryDraftDeviceTest: MediaGalleryActivity@143366923 DESTROYED task=36
10-09 11:08:22.906  4237  4237 I GalleryDraftDeviceTest: MediaGalleryActivity@110917475 PRE_ON_CREATE task=36
10-09 11:08:22.937  4237  4237 I GalleryDraftDeviceTest: MediaGalleryActivity@110917475 CREATED task=36
10-09 11:08:22.939  4237  4237 I GalleryDraftDeviceTest: MediaGalleryActivity@110917475 STARTED task=36
10-09 11:08:22.941  4237  4237 I GalleryDraftDeviceTest: MediaGalleryActivity@110917475 RESUMED task=36
10-09 11:08:23.174  4237  4237 I GalleryDraftDeviceTest: MediaGalleryActivity@110917475 PAUSED task=36
10-09 11:08:23.184  4237  4237 I GalleryDraftDeviceTest: ClassicPaintActivity@135321708 RESTARTED task=36
10-09 11:08:23.185  4237  4237 I GalleryDraftDeviceTest: ClassicPaintActivity@135321708 STARTED task=36
10-09 11:08:23.189  4237  4237 I GalleryDraftDeviceTest: ClassicPaintActivity@135321708 RESUMED task=36
10-09 11:08:23.299  4237  4237 I GalleryDraftDeviceTest: MediaGalleryActivity@110917475 STOPPED task=36
10-09 11:08:23.302  4237  4237 I GalleryDraftDeviceTest: MediaGalleryActivity@110917475 DESTROYED task=36
10-09 11:08:24.765  4237  4237 I GalleryDraftDeviceTest: ClassicPaintActivity@135321708 PAUSED task=36
10-09 11:08:24.771  4237  4237 I GalleryDraftDeviceTest: ClassicPaintActivity@135321708 STOPPED task=36
10-09 11:08:24.771  4237  4237 I GalleryDraftDeviceTest: ClassicPaintActivity@135321708 DESTROYED task=36
10-09 11:08:24.780  4237  4237 I GalleryDraftDeviceTest: ClassicPaintActivity@227625338 PRE_ON_CREATE task=36
10-09 11:08:24.785  4237  4237 I GalleryDraftDeviceTest: ClassicPaintActivity@227625338 CREATED task=36
10-09 11:08:24.787  4237  4237 I GalleryDraftDeviceTest: ClassicPaintActivity@227625338 STARTED task=36
10-09 11:08:24.787  4237  4237 I GalleryDraftDeviceTest: ClassicPaintActivity@227625338 RESUMED task=36
10-09 11:08:31.686  4237  4237 I GalleryDraftDeviceTest: ClassicPaintActivity@227625338 PAUSED task=36
10-09 11:08:31.694  4237  4237 I GalleryDraftDeviceTest: ClassicPaintActivity@227625338 RESUMED task=36
10-09 11:08:33.416  4237  4237 I GalleryDraftDeviceTest: ClassicPaintActivity@227625338 PAUSED task=36
10-09 11:08:33.421  4237  4237 I GalleryDraftDeviceTest: ClassicPaintActivity@227625338 RESUMED task=36
10-09 11:08:33.481  4237  4254 I GalleryDraftDeviceTest: local_proxy_requests=CONNECT gallery-fixture.invalid:443 HTTP/1.1 | CONNECT catrobat.org:443 HTTP/1.1
10-09 11:08:33.515  4237  4237 I GalleryDraftDeviceTest: ClassicPaintActivity@227625338 PAUSED task=36
10-09 11:08:33.720  4237  4237 I GalleryDraftDeviceTest: ClassicPaintActivity@227625338 STOPPED task=36
10-09 11:08:33.766  4237  4237 I GalleryDraftDeviceTest: ClassicPaintActivity@227625338 DESTROYED task=36
10-09 11:08:33.775  4237  4254 I TestRunner: finished: savedFirstCreditSurvivesRecreationAndCancellationOfAnEmptySecondDraft(paint.anpaint.android.GalleryDraftDeviceTest)
10-09 11:08:33.780  4237  4254 I TestRunner: started: cancelledRecreatedGalleryDraftKeepsTheOriginalDocumentAndCredits(paint.anpaint.android.GalleryDraftDeviceTest)
10-09 11:08:33.867  4237  4237 I GalleryDraftDeviceTest: ClassicPaintActivity@27387098 PRE_ON_CREATE task=38
10-09 11:08:33.881  4237  4237 I GalleryDraftDeviceTest: ClassicPaintActivity@27387098 CREATED task=38
10-09 11:08:33.884  4237  4237 I GalleryDraftDeviceTest: ClassicPaintActivity@27387098 STARTED task=38
10-09 11:08:33.885  4237  4237 I GalleryDraftDeviceTest: ClassicPaintActivity@27387098 RESUMED task=38
10-09 11:08:35.739  4237  4237 I GalleryDraftDeviceTest: ClassicPaintActivity@27387098 PAUSED task=38
10-09 11:08:35.754  4237  4237 I GalleryDraftDeviceTest: MediaGalleryActivity@223139498 PRE_ON_CREATE task=38
10-09 11:08:35.775  4237  4237 I GalleryDraftDeviceTest: MediaGalleryActivity@223139498 CREATED task=38
10-09 11:08:35.776  4237  4237 I GalleryDraftDeviceTest: MediaGalleryActivity@223139498 STARTED task=38
10-09 11:08:35.777  4237  4237 I GalleryDraftDeviceTest: MediaGalleryActivity@223139498 RESUMED task=38
10-09 11:08:35.925  4237  4237 I GalleryDraftDeviceTest: ClassicPaintActivity@27387098 STOPPED task=38
10-09 11:08:36.349  4237  4237 I GalleryDraftDeviceTest: MediaGalleryActivity@223139498 PAUSED task=38
10-09 11:08:36.355  4237  4237 I GalleryDraftDeviceTest: MediaGalleryActivity@223139498 STOPPED task=38
10-09 11:08:36.382  4237  4237 I GalleryDraftDeviceTest: MediaGalleryActivity@223139498 DESTROYED task=38
10-09 11:08:36.402  4237  4237 I GalleryDraftDeviceTest: MediaGalleryActivity@179456417 PRE_ON_CREATE task=38
10-09 11:08:36.479  4237  4237 I GalleryDraftDeviceTest: MediaGalleryActivity@179456417 CREATED task=38
10-09 11:08:36.484  4237  4237 I GalleryDraftDeviceTest: MediaGalleryActivity@179456417 STARTED task=38
10-09 11:08:36.486  4237  4237 I GalleryDraftDeviceTest: MediaGalleryActivity@179456417 RESUMED task=38
10-09 11:08:36.706  4237  4237 I GalleryDraftDeviceTest: ClassicPaintActivity@27387098 DESTROYED task=38
10-09 11:08:36.848  4237  4237 I GalleryDraftDeviceTest: ClassicPaintActivity@32820355 PRE_ON_CREATE task=38
10-09 11:08:36.856  4237  4237 I GalleryDraftDeviceTest: ClassicPaintActivity@32820355 CREATED task=38
10-09 11:08:36.858  4237  4237 I GalleryDraftDeviceTest: ClassicPaintActivity@32820355 STARTED task=38
10-09 11:08:36.860  4237  4237 I GalleryDraftDeviceTest: ClassicPaintActivity@32820355 RESUMED task=38
10-09 11:08:36.864  4237  4237 I GalleryDraftDeviceTest: ClassicPaintActivity@32820355 PAUSED task=38
10-09 11:08:36.864  4237  4237 I GalleryDraftDeviceTest: ClassicPaintActivity@32820355 STOPPED task=38
10-09 11:08:37.019  4237  4237 I GalleryDraftDeviceTest: MediaGalleryActivity@179456417 PAUSED task=38
10-09 11:08:37.020  4237  4237 I GalleryDraftDeviceTest: MediaGalleryActivity@179456417 STOPPED task=38
10-09 11:08:37.028  4237  4237 I GalleryDraftDeviceTest: MediaGalleryActivity@179456417 DESTROYED task=38
10-09 11:08:37.035  4237  4237 I GalleryDraftDeviceTest: MediaGalleryActivity@159636730 PRE_ON_CREATE task=38
10-09 11:08:37.062  4237  4237 I GalleryDraftDeviceTest: MediaGalleryActivity@159636730 CREATED task=38
10-09 11:08:37.069  4237  4237 I GalleryDraftDeviceTest: MediaGalleryActivity@159636730 STARTED task=38
10-09 11:08:37.070  4237  4237 I GalleryDraftDeviceTest: MediaGalleryActivity@159636730 RESUMED task=38
10-09 11:08:37.421  4237  4237 I GalleryDraftDeviceTest: MediaGalleryActivity@159636730 PAUSED task=38
10-09 11:08:37.436  4237  4237 I GalleryDraftDeviceTest: ClassicPaintActivity@32820355 RESTARTED task=38
10-09 11:08:37.437  4237  4237 I GalleryDraftDeviceTest: ClassicPaintActivity@32820355 STARTED task=38
10-09 11:08:37.442  4237  4237 I GalleryDraftDeviceTest: ClassicPaintActivity@32820355 RESUMED task=38
10-09 11:08:37.550  4237  4237 I GalleryDraftDeviceTest: MediaGalleryActivity@159636730 STOPPED task=38
10-09 11:08:37.553  4237  4237 I GalleryDraftDeviceTest: MediaGalleryActivity@159636730 DESTROYED task=38
10-09 11:08:39.020  4237  4237 I GalleryDraftDeviceTest: ClassicPaintActivity@32820355 PAUSED task=38
10-09 11:08:39.032  4237  4237 I GalleryDraftDeviceTest: ClassicPaintActivity@32820355 STOPPED task=38
10-09 11:08:39.033  4237  4237 I GalleryDraftDeviceTest: ClassicPaintActivity@32820355 DESTROYED task=38
10-09 11:08:39.041  4237  4237 I GalleryDraftDeviceTest: ClassicPaintActivity@221522152 PRE_ON_CREATE task=38
10-09 11:08:39.055  4237  4237 I GalleryDraftDeviceTest: ClassicPaintActivity@221522152 CREATED task=38
10-09 11:08:39.061  4237  4237 I GalleryDraftDeviceTest: ClassicPaintActivity@221522152 STARTED task=38
10-09 11:08:39.064  4237  4237 I GalleryDraftDeviceTest: ClassicPaintActivity@221522152 RESUMED task=38
10-09 11:08:45.972  4237  4237 I GalleryDraftDeviceTest: ClassicPaintActivity@221522152 PAUSED task=38
10-09 11:08:45.983  4237  4237 I GalleryDraftDeviceTest: ClassicPaintActivity@221522152 RESUMED task=38
10-09 11:08:47.667  4237  4237 I GalleryDraftDeviceTest: ClassicPaintActivity@221522152 PAUSED task=38
10-09 11:08:47.672  4237  4237 I GalleryDraftDeviceTest: ClassicPaintActivity@221522152 RESUMED task=38
10-09 11:08:47.734  4237  4254 I GalleryDraftDeviceTest: local_proxy_requests=CONNECT gallery-fixture.invalid:443 HTTP/1.1 | CONNECT catrobat.org:443 HTTP/1.1
10-09 11:08:47.764  4237  4237 I GalleryDraftDeviceTest: ClassicPaintActivity@221522152 PAUSED task=38
10-09 11:08:47.980  4237  4237 I GalleryDraftDeviceTest: ClassicPaintActivity@221522152 STOPPED task=38
10-09 11:08:48.021  4237  4237 I GalleryDraftDeviceTest: ClassicPaintActivity@221522152 DESTROYED task=38
10-09 11:08:48.035  4237  4254 I TestRunner: finished: cancelledRecreatedGalleryDraftKeepsTheOriginalDocumentAndCredits(paint.anpaint.android.GalleryDraftDeviceTest)
10-09 11:08:48.036  4237  4254 I TestRunner: started: confirmedRecreatedGalleryDraftReturnsToTheCoveredRecreatedEditor(paint.anpaint.android.GalleryDraftDeviceTest)
10-09 11:08:48.121  4237  4237 I GalleryDraftDeviceTest: ClassicPaintActivity@241425396 PRE_ON_CREATE task=40
10-09 11:08:48.133  4237  4237 I GalleryDraftDeviceTest: ClassicPaintActivity@241425396 CREATED task=40
10-09 11:08:48.135  4237  4237 I GalleryDraftDeviceTest: ClassicPaintActivity@241425396 STARTED task=40
10-09 11:08:48.135  4237  4237 I GalleryDraftDeviceTest: ClassicPaintActivity@241425396 RESUMED task=40
10-09 11:08:50.040  4237  4237 I GalleryDraftDeviceTest: ClassicPaintActivity@241425396 PAUSED task=40
10-09 11:08:50.065  4237  4237 I GalleryDraftDeviceTest: MediaGalleryActivity@107656112 PRE_ON_CREATE task=40
10-09 11:08:50.087  4237  4237 I GalleryDraftDeviceTest: MediaGalleryActivity@107656112 CREATED task=40
10-09 11:08:50.088  4237  4237 I GalleryDraftDeviceTest: MediaGalleryActivity@107656112 STARTED task=40
10-09 11:08:50.089  4237  4237 I GalleryDraftDeviceTest: MediaGalleryActivity@107656112 RESUMED task=40
10-09 11:08:50.237  4237  4237 I GalleryDraftDeviceTest: ClassicPaintActivity@241425396 STOPPED task=40
10-09 11:08:50.616  4237  4237 I GalleryDraftDeviceTest: MediaGalleryActivity@107656112 PAUSED task=40
10-09 11:08:50.622  4237  4237 I GalleryDraftDeviceTest: MediaGalleryActivity@107656112 STOPPED task=40
10-09 11:08:50.640  4237  4237 I GalleryDraftDeviceTest: MediaGalleryActivity@107656112 DESTROYED task=40
10-09 11:08:50.650  4237  4237 I GalleryDraftDeviceTest: MediaGalleryActivity@191665172 PRE_ON_CREATE task=40
10-09 11:08:50.687  4237  4237 I GalleryDraftDeviceTest: MediaGalleryActivity@191665172 CREATED task=40
10-09 11:08:50.689  4237  4237 I GalleryDraftDeviceTest: MediaGalleryActivity@191665172 STARTED task=40
10-09 11:08:50.689  4237  4237 I GalleryDraftDeviceTest: MediaGalleryActivity@191665172 RESUMED task=40
10-09 11:08:50.916  4237  4237 I GalleryDraftDeviceTest: ClassicPaintActivity@241425396 DESTROYED task=40
10-09 11:08:50.928  4237  4237 I GalleryDraftDeviceTest: ClassicPaintActivity@204503774 PRE_ON_CREATE task=40
10-09 11:08:50.936  4237  4237 I GalleryDraftDeviceTest: ClassicPaintActivity@204503774 CREATED task=40
10-09 11:08:50.938  4237  4237 I GalleryDraftDeviceTest: ClassicPaintActivity@204503774 STARTED task=40
10-09 11:08:50.939  4237  4237 I GalleryDraftDeviceTest: ClassicPaintActivity@204503774 RESUMED task=40
10-09 11:08:50.948  4237  4237 I GalleryDraftDeviceTest: ClassicPaintActivity@204503774 PAUSED task=40
10-09 11:08:50.949  4237  4237 I GalleryDraftDeviceTest: ClassicPaintActivity@204503774 STOPPED task=40
10-09 11:08:51.206  4237  4237 I GalleryDraftDeviceTest: MediaGalleryActivity@191665172 PAUSED task=40
10-09 11:08:51.206  4237  4237 I GalleryDraftDeviceTest: MediaGalleryActivity@191665172 STOPPED task=40
10-09 11:08:51.214  4237  4237 I GalleryDraftDeviceTest: MediaGalleryActivity@191665172 DESTROYED task=40
10-09 11:08:51.217  4237  4237 I GalleryDraftDeviceTest: MediaGalleryActivity@212672885 PRE_ON_CREATE task=40
10-09 11:08:51.244  4237  4237 I GalleryDraftDeviceTest: MediaGalleryActivity@212672885 CREATED task=40
10-09 11:08:51.246  4237  4237 I GalleryDraftDeviceTest: MediaGalleryActivity@212672885 STARTED task=40
10-09 11:08:51.247  4237  4237 I GalleryDraftDeviceTest: MediaGalleryActivity@212672885 RESUMED task=40
10-09 11:08:51.538  4237  4237 I GalleryDraftDeviceTest: MediaGalleryActivity@212672885 PAUSED task=40
10-09 11:08:51.564  4237  4237 I GalleryDraftDeviceTest: ClassicPaintActivity@204503774 RESTARTED task=40
10-09 11:08:51.565  4237  4237 I GalleryDraftDeviceTest: ClassicPaintActivity@204503774 STARTED task=40
10-09 11:08:51.570  4237  4237 I GalleryDraftDeviceTest: ClassicPaintActivity@204503774 RESUMED task=40
10-09 11:08:51.686  4237  4237 I GalleryDraftDeviceTest: MediaGalleryActivity@212672885 STOPPED task=40
10-09 11:08:51.690  4237  4237 I GalleryDraftDeviceTest: MediaGalleryActivity@212672885 DESTROYED task=40
10-09 11:08:53.146  4237  4237 I GalleryDraftDeviceTest: ClassicPaintActivity@204503774 PAUSED task=40
10-09 11:08:53.151  4237  4237 I GalleryDraftDeviceTest: ClassicPaintActivity@204503774 STOPPED task=40
10-09 11:08:53.151  4237  4237 I GalleryDraftDeviceTest: ClassicPaintActivity@204503774 DESTROYED task=40
10-09 11:08:53.156  4237  4237 I GalleryDraftDeviceTest: ClassicPaintActivity@233528487 PRE_ON_CREATE task=40
10-09 11:08:53.165  4237  4237 I GalleryDraftDeviceTest: ClassicPaintActivity@233528487 CREATED task=40
10-09 11:08:53.166  4237  4237 I GalleryDraftDeviceTest: ClassicPaintActivity@233528487 STARTED task=40
10-09 11:08:53.167  4237  4237 I GalleryDraftDeviceTest: ClassicPaintActivity@233528487 RESUMED task=40
10-09 11:09:00.954  4237  4237 I GalleryDraftDeviceTest: ClassicPaintActivity@233528487 PAUSED task=40
10-09 11:09:00.972  4237  4237 I GalleryDraftDeviceTest: ClassicPaintActivity@233528487 RESUMED task=40
10-09 11:09:02.715  4237  4237 I GalleryDraftDeviceTest: ClassicPaintActivity@233528487 PAUSED task=40
10-09 11:09:02.721  4237  4237 I GalleryDraftDeviceTest: ClassicPaintActivity@233528487 RESUMED task=40
10-09 11:09:02.767  4237  4254 I GalleryDraftDeviceTest: local_proxy_requests=CONNECT gallery-fixture.invalid:443 HTTP/1.1 | CONNECT catrobat.org:443 HTTP/1.1
10-09 11:09:02.779  4237  4237 I GalleryDraftDeviceTest: ClassicPaintActivity@233528487 PAUSED task=40
10-09 11:09:02.984  4237  4237 I GalleryDraftDeviceTest: ClassicPaintActivity@233528487 STOPPED task=40
10-09 11:09:03.034  4237  4237 I GalleryDraftDeviceTest: ClassicPaintActivity@233528487 DESTROYED task=40
10-09 11:09:03.040  4237  4254 I TestRunner: finished: confirmedRecreatedGalleryDraftReturnsToTheCoveredRecreatedEditor(paint.anpaint.android.GalleryDraftDeviceTest)
