[+283s] Start ordinary launcher (maximum 30s)
Status: ok
LaunchState: COLD
Activity: paint.anpaint.android/org.catrobat.paintroid.classic.ClassicPaintActivity
Complete
exit=0
[+283s] Read app PID with explicit absence protocol (maximum 10s)
alive:5251
exit=0
[+291s] Complete successful seed report verified; PID=5251
[+291s] Read app PID with explicit absence protocol (maximum 10s)
alive:5251
exit=0
[+291s] Gallery must still be the resumed activity (maximum 10s)
    topResumedActivity=ActivityRecord{198605d u0 paint.anpaint.android/org.catrobat.paintroid.classic.MediaGalleryActivity t42}
      resultTo=ActivityRecord{e19ea77 u0 paint.anpaint.android/org.catrobat.paintroid.classic.ClassicPaintActivity t42} resultWho=null resultCode=707
exit=0
[+291s] Read app PID with explicit absence protocol (maximum 10s)
alive:5251
exit=0
[+292s] Force-stop verified live PID 5251 (maximum 10s)
exit=0
[+292s] Read app PID with explicit absence protocol (maximum 10s)
absent
exit=0
[+292s] Verified target PID absent before normal verify instrumentation
