Candidate tree: fd9ccb67bba4d053eda1d939738b7af3b7c77ccb
git diff --cached --check
git diff new-PR18 candidate --check
verification/vertical-control-reachability-2026-10-10/proposal-evidence/initial-proposal.patch:585: trailing whitespace.
+ 
verification/vertical-control-reachability-2026-10-10/proposal-evidence/initial-proposal.patch:590: trailing whitespace.
+ 
verification/vertical-control-reachability-2026-10-10/proposal-evidence/initial-proposal.patch:592: trailing whitespace.
+ 
verification/vertical-control-reachability-2026-10-10/proposal-evidence/initial-proposal.patch:627: trailing whitespace.
+ 
verification/vertical-control-reachability-2026-10-10/proposal-evidence/initial-proposal.patch:628: trailing whitespace.
+ 
verification/vertical-control-reachability-2026-10-10/proposal-evidence/reviewed-proposal.patch:454: trailing whitespace.
+ 
verification/vertical-control-reachability-2026-10-10/proposal-evidence/reviewed-proposal.patch:497: trailing whitespace.
+ 
verification/vertical-control-reachability-2026-10-10/proposal-evidence/reviewed-proposal.patch:696: trailing whitespace.
+ 
verification/vertical-control-reachability-2026-10-10/proposal-evidence/reviewed-proposal.patch:701: trailing whitespace.
+ 
verification/vertical-control-reachability-2026-10-10/proposal-evidence/reviewed-proposal.patch:703: trailing whitespace.
+ 
verification/vertical-control-reachability-2026-10-10/proposal-evidence/reviewed-proposal.patch:738: trailing whitespace.
+ 
verification/vertical-control-reachability-2026-10-10/proposal-evidence/reviewed-proposal.patch:739: trailing whitespace.
+ 
verification/vertical-control-reachability-2026-10-10/proposal-evidence/revision-2-fixes.patch:38: trailing whitespace.
+ 
verification/vertical-control-reachability-2026-10-10/proposal-evidence/revision-2-fixes.patch:66: trailing whitespace.
+ 
verification/vertical-control-reachability-2026-10-10/proposal-evidence/revision-2-fixes.patch:98: trailing whitespace.
+ 
verification/vertical-control-reachability-2026-10-10/proposal-evidence/revision-2-fixes.patch:107: trailing whitespace.
+ 
verification/vertical-control-reachability-2026-10-10/proposal-evidence/revision-2-fixes.patch:154: trailing whitespace.
+ 
bash -n tools/ci_emulator.sh
python3 -m compileall -q tools
Exact PR41 patch compared before/after upstream integration
c143adace30603827fa3a8e4f1c3d98b76281614bcf84f621e8bebd264223277  pr41-scope.patch
Exact PR37/PR42 patch compared before/after PR41 integration
44ce236c52039ec4e28d5297a2386afa6bf2da21e52abf1f9f8d75e610cc6ca0  pr41-integration.patch
Executable/source diff check excluding unchanged historical patch-format evidence
Tracked working tree changes:
Index tree:
fd9ccb67bba4d053eda1d939738b7af3b7c77ccb
