2026-10-09T11:53:37.2427033Z > Task :app:writeDependencyInventory
2026-10-09T11:53:37.2460001Z BUILD SUCCESSFUL in 28s
2026-10-09T11:54:32.7961247Z Ran 315 tests in 54.706s
2026-10-09T11:54:32.7961623Z OK (skipped=2)
2026-10-09T11:54:43.8785623Z > Task :Paintroid:checkKotlinGradlePluginConfigurationErrors
2026-10-09T11:54:43.9790038Z > Task :Paintroid:fetchHeifSources
2026-10-09T11:54:43.9799578Z > Task :Paintroid:fetchJxlSources
2026-10-09T11:54:44.0776018Z > Task :Paintroid:fetchTiffSources
2026-10-09T11:54:44.0777051Z > Task :Paintroid:fetchWebpSources
2026-10-09T11:54:49.2777251Z > Task :Paintroid:bundleCorrespondingSource
2026-10-09T11:54:49.2814781Z > Task :Paintroid:preBuild
2026-10-09T11:54:49.2816288Z > Task :Paintroid:preDebugBuild
2026-10-09T11:54:49.3792957Z > Task :Paintroid:generateDebugBuildConfig
2026-10-09T11:54:49.3829571Z > Task :Paintroid:generateDebugResValues
2026-10-09T11:54:49.3857874Z > Task :Paintroid:generateDebugResources
2026-10-09T11:54:51.0775464Z > Task :Paintroid:packageDebugResources
2026-10-09T11:54:51.0776317Z > Task :Paintroid:processDebugNavigationResources
2026-10-09T11:54:51.9780163Z > Task :Paintroid:javaPreCompileDebug
2026-10-09T11:54:51.9828921Z > Task :Paintroid:preDebugUnitTestBuild
2026-10-09T11:54:51.9829558Z > Task :Paintroid:writeDebugAarMetadata
2026-10-09T11:54:52.4775288Z > Task :Paintroid:parseDebugLocalResources
2026-10-09T11:54:55.1783214Z > Task :Paintroid:checkDebugUnitTestAarMetadata
2026-10-09T11:54:55.4799716Z > Task :Paintroid:generateDebugRFile
2026-10-09T11:54:55.9778613Z > Task :Paintroid:compileDebugLibraryResources
2026-10-09T11:54:59.0793725Z > Task :Paintroid:generateDebugUnitTestResValues
2026-10-09T11:54:59.1800057Z > Task :Paintroid:mapDebugUnitTestSourceSetPaths
2026-10-09T11:54:59.1802982Z > Task :Paintroid:generateDebugUnitTestResources
2026-10-09T11:55:03.8778848Z > Task :Paintroid:mergeDebugUnitTestResources
2026-10-09T11:55:03.8813759Z > Task :Paintroid:extractDeepLinksDebug
2026-10-09T11:55:03.9839738Z > Task :Paintroid:processDebugManifest
2026-10-09T11:55:04.2840001Z > Task :Paintroid:processDebugUnitTestManifest
2026-10-09T11:55:06.7880037Z > Task :Paintroid:processDebugUnitTestResources
2026-10-09T11:55:06.7970283Z > Task :Paintroid:javaPreCompileDebugUnitTest
2026-10-09T11:55:06.7999853Z > Task :Paintroid:generateDebugUnitTestAssets UP-TO-DATE
2026-10-09T11:55:06.8809854Z > Task :Paintroid:mergeDebugShaders
2026-10-09T11:55:06.8869538Z > Task :Paintroid:compileDebugShaders NO-SOURCE
2026-10-09T11:55:06.8890898Z > Task :Paintroid:generateDebugAssets UP-TO-DATE
2026-10-09T11:55:07.0818802Z > Task :Paintroid:mergeDebugAssets
2026-10-09T11:55:07.4780096Z > Task :Paintroid:mergeDebugUnitTestAssets
2026-10-09T11:55:09.5777031Z > Task :Paintroid:packageDebugUnitTestForUnitTest
2026-10-09T11:55:09.5784396Z > Task :Paintroid:generateDebugUnitTestConfig
2026-10-09T11:55:09.5810104Z > Task :Paintroid:checkDebugAarMetadata
2026-10-09T11:55:13.9809926Z > Task :Paintroid:configureCMakeDebug[x86_64]
2026-10-09T11:55:25.4909746Z > Task :Paintroid:compileDebugKotlin
2026-10-09T11:55:53.6859939Z > Task :Paintroid:buildCMakeDebug[x86_64][anpaint_heif,anpaint_jxl,etc]
2026-10-09T11:56:29.4644122Z ##[error]The operation was canceled.
2026-10-09T11:56:30.2564775Z ##[warning]No files were found with the provided path: Paintroid/build/test-results/
app/build/reports/. No artifacts will be uploaded.
