2026-10-09T11:42:53.3602645Z FAILURE: Build completed with 7 failures.
2026-10-09T11:42:53.3603767Z 
2026-10-09T11:42:53.3604252Z 1: Task failed with an exception.
2026-10-09T11:42:53.3604917Z -----------
2026-10-09T11:42:53.3605439Z * What went wrong:
2026-10-09T11:42:53.3606184Z Execution failed for task ':Paintroid:checkDebugUnitTestAarMetadata'.
2026-10-09T11:42:53.3607346Z > Could not resolve all files for configuration ':Paintroid:debugUnitTestRuntimeClasspath'.
2026-10-09T11:42:53.3608472Z    > Could not resolve org.robolectric:robolectric:4.14.1.
2026-10-09T11:42:53.3609686Z      Required by:
2026-10-09T11:42:53.3610245Z          project :Paintroid
2026-10-09T11:42:53.3610955Z       > Could not resolve org.robolectric:robolectric:4.14.1.
2026-10-09T11:42:53.3611411Z 
2026-10-09T11:42:53.3612585Z          > Could not get resource 'https://repo.maven.apache.org/maven2/org/robolectric/robolectric/4.14.1/robolectric-4.14.1.pom'.
2026-10-09T11:42:53.3614611Z             > Could not GET 'https://repo.maven.apache.org/maven2/org/robolectric/robolectric/4.14.1/robolectric-4.14.1.pom'. Received status code 403 from server: Forbidden
2026-10-09T11:42:53.3615904Z 
2026-10-09T11:42:53.3616233Z * Try:
2026-10-09T11:42:53.3616853Z > Run with --stacktrace option to get the stack trace.
2026-10-09T11:42:53.3617717Z > Run with --info or --debug option to get more log output.
2026-10-09T11:42:53.3618509Z > Run with --scan to get full insights.
2026-10-09T11:42:53.3619227Z > Get more help at https://help.gradle.org.
2026-10-09T11:42:53.3619981Z ==============================================================================
2026-10-09T11:42:53.3620595Z 
2026-10-09T11:42:53.3620959Z 2: Task failed with an exception.
2026-10-09T11:42:53.3621637Z -----------
2026-10-09T11:42:53.3622883Z [Incubating] Problems report is available at: file:///home/runner/work/AN-Paint/AN-Paint/build/reports/problems/problems-report.html
2026-10-09T11:42:53.3624235Z * What went wrong:
2026-10-09T11:42:53.3625022Z Execution failed for task ':Paintroid:mapDebugUnitTestSourceSetPaths'.
2026-10-09T11:42:53.3626204Z > Could not resolve all files for configuration ':Paintroid:debugUnitTestRuntimeClasspath'.
2026-10-09T11:42:53.3627301Z    > Could not resolve org.robolectric:robolectric:4.14.1.
2026-10-09T11:42:53.3628041Z      Required by:
2026-10-09T11:42:53.3628600Z          project :Paintroid
2026-10-09T11:42:53.3629310Z       > Could not resolve org.robolectric:robolectric:4.14.1.
2026-10-09T11:42:53.3630615Z          > Could not get resource 'https://repo.maven.apache.org/maven2/org/robolectric/robolectric/4.14.1/robolectric-4.14.1.pom'.
2026-10-09T11:42:53.3632868Z             > Could not GET 'https://repo.maven.apache.org/maven2/org/robolectric/robolectric/4.14.1/robolectric-4.14.1.pom'. Received status code 403 from server: Forbidden
2026-10-09T11:42:53.3634208Z 
2026-10-09T11:42:53.3634532Z * Try:
2026-10-09T11:42:53.3635143Z > Run with --stacktrace option to get the stack trace.
2026-10-09T11:42:53.3636017Z > Run with --info or --debug option to get more log output.
2026-10-09T11:42:53.3636814Z > Run with --scan to get full insights.
2026-10-09T11:42:53.3637515Z > Get more help at https://help.gradle.org.
2026-10-09T11:42:53.3638256Z ==============================================================================
2026-10-09T11:42:53.3638840Z 
2026-10-09T11:42:53.4575234Z 3: Task failed with an exception.
2026-10-09T11:42:53.4594899Z 
2026-10-09T11:42:53.4600979Z -----------
2026-10-09T11:42:53.4602197Z Deprecated Gradle features were used in this build, making it incompatible with Gradle 9.0.
2026-10-09T11:42:53.4603182Z * What went wrong:
2026-10-09T11:42:53.4603573Z 
2026-10-09T11:42:53.4604041Z Execution failed for task ':Paintroid:mergeDebugUnitTestResources'.
2026-10-09T11:42:53.4605870Z You can use '--warning-mode all' to show the individual deprecation warnings and determine if they come from your own scripts or plugins.
2026-10-09T11:42:53.4607432Z > Could not resolve all files for configuration ':Paintroid:debugUnitTestRuntimeClasspath'.
2026-10-09T11:42:53.4608247Z 
2026-10-09T11:42:53.4608631Z    > Could not resolve org.robolectric:robolectric:4.14.1.
2026-10-09T11:42:53.4610024Z For more on this, please refer to https://docs.gradle.org/8.13/userguide/command_line_interface.html#sec:command_line_warnings in the Gradle documentation.
2026-10-09T11:42:53.4611311Z      Required by:
2026-10-09T11:42:53.4611779Z 72 actionable tasks: 72 executed
2026-10-09T11:42:53.4618469Z          project :Paintroid
2026-10-09T11:42:53.4619268Z       > Could not resolve org.robolectric:robolectric:4.14.1.
2026-10-09T11:42:53.4620514Z          > Could not get resource 'https://repo.maven.apache.org/maven2/org/robolectric/robolectric/4.14.1/robolectric-4.14.1.pom'.
2026-10-09T11:42:53.4622994Z             > Could not GET 'https://repo.maven.apache.org/maven2/org/robolectric/robolectric/4.14.1/robolectric-4.14.1.pom'. Received status code 403 from server: Forbidden
2026-10-09T11:42:53.4624279Z 
2026-10-09T11:42:53.4624562Z * Try:
2026-10-09T11:42:53.4625114Z > Run with --stacktrace option to get the stack trace.
2026-10-09T11:42:53.4625927Z > Run with --info or --debug option to get more log output.
2026-10-09T11:42:53.4626651Z > Run with --scan to get full insights.
2026-10-09T11:42:53.4627292Z > Get more help at https://help.gradle.org.
2026-10-09T11:42:53.4627969Z ==============================================================================
2026-10-09T11:42:53.4628492Z 
2026-10-09T11:42:53.4628800Z 4: Task failed with an exception.
2026-10-09T11:42:53.4629341Z -----------
2026-10-09T11:42:53.4629793Z * What went wrong:
2026-10-09T11:42:53.4630462Z Execution failed for task ':Paintroid:processDebugUnitTestManifest'.
2026-10-09T11:42:53.4631500Z > Could not resolve all files for configuration ':Paintroid:debugUnitTestRuntimeClasspath'.
2026-10-09T11:42:53.4632742Z    > Could not resolve org.robolectric:robolectric:4.14.1.
2026-10-09T11:42:53.4633437Z      Required by:
2026-10-09T11:42:53.4633947Z          project :Paintroid
2026-10-09T11:42:53.4634591Z       > Could not resolve org.robolectric:robolectric:4.14.1.
2026-10-09T11:42:53.4635840Z          > Could not get resource 'https://repo.maven.apache.org/maven2/org/robolectric/robolectric/4.14.1/robolectric-4.14.1.pom'.
2026-10-09T11:42:53.4637843Z             > Could not GET 'https://repo.maven.apache.org/maven2/org/robolectric/robolectric/4.14.1/robolectric-4.14.1.pom'. Received status code 403 from server: Forbidden
2026-10-09T11:42:53.4639178Z 
2026-10-09T11:42:53.4639571Z * Try:
2026-10-09T11:42:53.4640628Z > Run with --stacktrace option to get the stack trace.
2026-10-09T11:42:53.4641691Z > Run with --info or --debug option to get more log output.
2026-10-09T11:42:53.4643057Z > Run with --scan to get full insights.
2026-10-09T11:42:53.4644100Z > Get more help at https://help.gradle.org.
2026-10-09T11:42:53.4645031Z ==============================================================================
2026-10-09T11:42:53.4645713Z 
2026-10-09T11:42:53.4646259Z 5: Task failed with an exception.
2026-10-09T11:42:53.4647038Z -----------
2026-10-09T11:42:53.4647687Z * What went wrong:
2026-10-09T11:42:53.4663919Z Execution failed for task ':Paintroid:mergeDebugUnitTestAssets'.
2026-10-09T11:42:53.4665111Z > Could not resolve all files for configuration ':Paintroid:debugUnitTestRuntimeClasspath'.
2026-10-09T11:42:53.4666189Z    > Could not resolve org.robolectric:robolectric:4.14.1.
2026-10-09T11:42:53.4666942Z      Required by:
2026-10-09T11:42:53.4667515Z          project :Paintroid
2026-10-09T11:42:53.4668201Z       > Could not resolve org.robolectric:robolectric:4.14.1.
2026-10-09T11:42:53.4669495Z          > Could not get resource 'https://repo.maven.apache.org/maven2/org/robolectric/robolectric/4.14.1/robolectric-4.14.1.pom'.
2026-10-09T11:42:53.4671832Z             > Could not GET 'https://repo.maven.apache.org/maven2/org/robolectric/robolectric/4.14.1/robolectric-4.14.1.pom'. Received status code 403 from server: Forbidden
2026-10-09T11:42:53.4673578Z 
2026-10-09T11:42:53.4673916Z * Try:
2026-10-09T11:42:53.4674594Z > Run with --stacktrace option to get the stack trace.
2026-10-09T11:42:53.4675567Z > Run with --info or --debug option to get more log output.
2026-10-09T11:42:53.4676407Z > Run with --scan to get full insights.
2026-10-09T11:42:53.4677112Z > Get more help at https://help.gradle.org.
2026-10-09T11:42:53.4677861Z ==============================================================================
2026-10-09T11:42:53.4678446Z 
2026-10-09T11:42:53.4678789Z 6: Task failed with an exception.
2026-10-09T11:42:53.4679403Z -----------
2026-10-09T11:42:53.4679902Z * What went wrong:
2026-10-09T11:42:53.4680896Z Execution failed for task ':Paintroid:extractDebugAnnotations'.
2026-10-09T11:42:53.4682328Z > Could not resolve all files for configuration ':Paintroid:detachedConfiguration1'.
2026-10-09T11:42:53.4683409Z    > Could not resolve org.codehaus.groovy:groovy:3.0.22.
2026-10-09T11:42:53.4684105Z      Required by:
2026-10-09T11:42:53.4684792Z          project :Paintroid > com.android.tools.lint:lint-gradle:31.13.0
2026-10-09T11:42:53.4685700Z       > Could not resolve org.codehaus.groovy:groovy:3.0.22.
2026-10-09T11:42:53.4686885Z          > Could not get resource 'https://repo.maven.apache.org/maven2/org/codehaus/groovy/groovy/3.0.22/groovy-3.0.22.pom'.
2026-10-09T11:42:53.4688690Z             > Could not GET 'https://repo.maven.apache.org/maven2/org/codehaus/groovy/groovy/3.0.22/groovy-3.0.22.pom'. Received status code 403 from server: Forbidden
2026-10-09T11:42:53.4690196Z    > Could not resolve com.google.errorprone:error_prone_annotations:2.28.0.
2026-10-09T11:42:53.4690992Z      Required by:
2026-10-09T11:42:53.4692292Z          project :Paintroid > com.android.tools.lint:lint-gradle:31.13.0 > com.android.tools:common:31.13.0 > com.google.guava:guava:33.3.1-jre
2026-10-09T11:42:53.4693692Z       > Could not resolve com.google.errorprone:error_prone_annotations:2.28.0.
2026-10-09T11:42:53.4695312Z          > Could not get resource 'https://repo.maven.apache.org/maven2/com/google/errorprone/error_prone_annotations/2.28.0/error_prone_annotations-2.28.0.pom'.
2026-10-09T11:42:53.4697524Z             > Could not GET 'https://repo.maven.apache.org/maven2/com/google/errorprone/error_prone_annotations/2.28.0/error_prone_annotations-2.28.0.pom'. Received status code 403 from server: Forbidden
2026-10-09T11:42:53.4699773Z    > Could not resolve org.apache.httpcomponents:httpclient:4.5.6.
2026-10-09T11:42:53.4704236Z      Required by:
2026-10-09T11:42:53.4705681Z          project :Paintroid > com.android.tools.lint:lint-gradle:31.13.0 > com.android.tools.lint:lint:31.13.0 > com.android.tools:sdklib:31.13.0 > org.apache.httpcomponents:httpmime:4.5.6
2026-10-09T11:42:53.4707353Z       > Could not resolve org.apache.httpcomponents:httpclient:4.5.6.
2026-10-09T11:42:53.4708741Z          > Could not get resource 'https://repo.maven.apache.org/maven2/org/apache/httpcomponents/httpclient/4.5.6/httpclient-4.5.6.pom'.
2026-10-09T11:42:53.4710788Z             > Could not GET 'https://repo.maven.apache.org/maven2/org/apache/httpcomponents/httpclient/4.5.6/httpclient-4.5.6.pom'. Received status code 403 from server: Forbidden
2026-10-09T11:42:53.4712587Z > There is 1 more failure with an identical cause.
2026-10-09T11:42:53.4713130Z 
2026-10-09T11:42:53.4713416Z * Try:
2026-10-09T11:42:53.4713982Z > Run with --stacktrace option to get the stack trace.
2026-10-09T11:42:53.4714810Z > Run with --info or --debug option to get more log output.
2026-10-09T11:42:53.4715606Z > Run with --scan to get full insights.
2026-10-09T11:42:53.4716343Z > Get more help at https://help.gradle.org.
2026-10-09T11:42:53.4717137Z ==============================================================================
2026-10-09T11:42:53.4717724Z 
2026-10-09T11:42:53.4718056Z 7: Task failed with an exception.
2026-10-09T11:42:53.4718654Z -----------
2026-10-09T11:42:53.4719400Z * What went wrong:
2026-10-09T11:42:53.4720123Z Execution failed for task ':Paintroid:lintAnalyzeDebug'.
2026-10-09T11:42:53.4721127Z > Could not resolve all files for configuration ':Paintroid:detachedConfiguration1'.
2026-10-09T11:42:53.4722390Z    > Could not resolve org.codehaus.groovy:groovy:3.0.22.
2026-10-09T11:42:53.4723106Z      Required by:
2026-10-09T11:42:53.4723799Z          project :Paintroid > com.android.tools.lint:lint-gradle:31.13.0
2026-10-09T11:42:53.4724707Z       > Could not resolve org.codehaus.groovy:groovy:3.0.22.
2026-10-09T11:42:53.4725959Z          > Could not get resource 'https://repo.maven.apache.org/maven2/org/codehaus/groovy/groovy/3.0.22/groovy-3.0.22.pom'.
2026-10-09T11:42:53.4727814Z             > Could not GET 'https://repo.maven.apache.org/maven2/org/codehaus/groovy/groovy/3.0.22/groovy-3.0.22.pom'. Received status code 403 from server: Forbidden
2026-10-09T11:42:53.4731504Z    > Could not resolve com.google.errorprone:error_prone_annotations:2.28.0.
2026-10-09T11:42:53.4732611Z      Required by:
2026-10-09T11:42:53.4733669Z          project :Paintroid > com.android.tools.lint:lint-gradle:31.13.0 > com.android.tools:common:31.13.0 > com.google.guava:guava:33.3.1-jre
2026-10-09T11:42:53.4746734Z       > Could not resolve com.google.errorprone:error_prone_annotations:2.28.0.
2026-10-09T11:42:53.4750591Z          > Could not get resource 'https://repo.maven.apache.org/maven2/com/google/errorprone/error_prone_annotations/2.28.0/error_prone_annotations-2.28.0.pom'.
2026-10-09T11:42:53.4753418Z             > Could not GET 'https://repo.maven.apache.org/maven2/com/google/errorprone/error_prone_annotations/2.28.0/error_prone_annotations-2.28.0.pom'. Received status code 403 from server: Forbidden
2026-10-09T11:42:53.4755304Z    > Could not resolve org.apache.httpcomponents:httpclient:4.5.6.
2026-10-09T11:42:53.4756148Z      Required by:
2026-10-09T11:42:53.4757510Z          project :Paintroid > com.android.tools.lint:lint-gradle:31.13.0 > com.android.tools.lint:lint:31.13.0 > com.android.tools:sdklib:31.13.0 > org.apache.httpcomponents:httpmime:4.5.6
2026-10-09T11:42:53.4759127Z       > Could not resolve org.apache.httpcomponents:httpclient:4.5.6.
2026-10-09T11:42:53.4760492Z          > Could not get resource 'https://repo.maven.apache.org/maven2/org/apache/httpcomponents/httpclient/4.5.6/httpclient-4.5.6.pom'.
2026-10-09T11:42:53.4762738Z             > Could not GET 'https://repo.maven.apache.org/maven2/org/apache/httpcomponents/httpclient/4.5.6/httpclient-4.5.6.pom'. Received status code 403 from server: Forbidden
2026-10-09T11:42:53.4764260Z > There is 1 more failure with an identical cause.
2026-10-09T11:42:53.4764805Z 
2026-10-09T11:42:53.4765114Z * Try:
2026-10-09T11:42:53.4765702Z > Run with --stacktrace option to get the stack trace.
2026-10-09T11:42:53.4766533Z > Run with --info or --debug option to get more log output.
2026-10-09T11:42:53.4767316Z > Run with --scan to get full insights.
2026-10-09T11:42:53.4768010Z > Get more help at https://help.gradle.org.
2026-10-09T11:42:53.4768756Z ==============================================================================
2026-10-09T11:42:53.4769336Z 
2026-10-09T11:42:53.4769669Z BUILD FAILED in 4m 50s
2026-10-09T11:42:53.8954057Z ##[error]Process completed with exit code 1.
2026-10-09T11:42:54.0703137Z ##[warning]No files were found with the provided path: Paintroid/build/test-results/
app/build/reports/. No artifacts will be uploaded.
