......................................................................................................................................................................................................................................................................................................................
----------------------------------------------------------------------
Ran 310 tests in 48.759s

OK
{
  "success": true,
  "expected_tests": 1,
  "completed_tests": 1,
  "errors": []
}
{
  "success": true,
  "expected_tests": 1,
  "completed_tests": 1,
  "errors": []
}
{
  "success": false,
  "expected_tests": 1,
  "completed_tests": 1,
  "errors": [
    "Missing or unsuccessful final instrumentation result: []"
  ]
}
{
  "success": false,
  "expected_tests": 3,
  "completed_tests": 0,
  "errors": [
    "--leave-target-running is restricted to the one-method accepted-credit seed",
    "adb exited with status None",
    "Missing or unsuccessful final instrumentation result: []",
    "No tests completed",
    "Runner test counts [] do not match 3 declared methods",
    "3 declared test method(s) did not complete"
  ]
}
{
  "success": false,
  "expected_tests": 1,
  "completed_tests": 0,
  "errors": [
    "Command '['adb', 'shell', 'pidof', 'paint.anpaint.android']' returned non-zero exit status 1.",
    "adb exited with status None",
    "Missing or unsuccessful final instrumentation result: []",
    "No tests completed",
    "Runner test counts [] do not match 1 declared methods",
    "1 declared test method(s) did not complete"
  ]
}
{
  "success": false,
  "expected_tests": 1,
  "completed_tests": 0,
  "errors": [
    "Accepted-credit seed requires exactly one already-running target PID",
    "adb exited with status None",
    "Missing or unsuccessful final instrumentation result: []",
    "No tests completed",
    "Runner test counts [] do not match 1 declared methods",
    "1 declared test method(s) did not complete"
  ]
}
