2026-10-09T16:20:11.7141003Z Time: 66.027
2026-10-09T16:20:11.7141354Z OK (74 tests)
2026-10-09T16:20:11.7141763Z INSTRUMENTATION_CODE: -1
2026-10-09T16:20:11.7391356Z   "success": true,
2026-10-09T16:20:11.7391986Z   "expected_tests": 74,
2026-10-09T16:20:11.7392570Z   "completed_tests": 74,
2026-10-09T16:20:11.7393260Z   "errors": []
2026-10-09T16:23:00.0379275Z Time: 166.509
2026-10-09T16:23:00.0379625Z OK (18 tests)
2026-10-09T16:23:00.0379967Z INSTRUMENTATION_CODE: -1
2026-10-09T16:23:00.1256554Z   "success": true,
2026-10-09T16:23:00.1257635Z   "expected_tests": 18,
2026-10-09T16:23:00.1258310Z   "completed_tests": 18,
2026-10-09T16:23:00.1258901Z   "errors": []
2026-10-09T16:23:11.3429803Z Time: 6.196
2026-10-09T16:23:11.3430156Z OK (1 test)
2026-10-09T16:23:11.3430528Z INSTRUMENTATION_CODE: -1
2026-10-09T16:23:11.3740351Z   "success": true,
2026-10-09T16:23:11.3740971Z   "expected_tests": 1,
2026-10-09T16:23:11.3741655Z   "completed_tests": 1,
2026-10-09T16:23:11.3742289Z   "errors": []
2026-10-09T16:23:20.0317748Z Time: 7.117
2026-10-09T16:23:20.0324549Z OK (1 test)
2026-10-09T16:23:20.0326210Z INSTRUMENTATION_CODE: -1
2026-10-09T16:23:20.1621467Z   "success": true,
2026-10-09T16:23:20.1621879Z   "expected_tests": 1,
2026-10-09T16:23:20.1622290Z   "completed_tests": 1,
2026-10-09T16:23:20.1622652Z   "errors": []
