To honour the JVM settings for this build a single-use Daemon process will be forked. For more on this, please refer to https://docs.gradle.org/8.13/userguide/gradle_daemon.html#sec:disabling_the_daemon in the Gradle documentation.
Daemon will be stopped at the end of the build 
> Task :Paintroid:checkKotlinGradlePluginConfigurationErrors
> Task :Paintroid:fetchHeifSources
> Task :Paintroid:fetchJxlSources
> Task :Paintroid:fetchTiffSources
> Task :Paintroid:fetchWebpSources
> Task :Paintroid:bundleCorrespondingSource
> Task :Paintroid:preBuild
> Task :Paintroid:preDebugBuild
> Task :Paintroid:generateDebugBuildConfig
> Task :Paintroid:generateDebugResValues
> Task :Paintroid:generateDebugResources
> Task :Paintroid:packageDebugResources
> Task :Paintroid:processDebugNavigationResources
> Task :Paintroid:javaPreCompileDebug
> Task :Paintroid:preDebugUnitTestBuild
> Task :Paintroid:writeDebugAarMetadata
> Task :Paintroid:parseDebugLocalResources
> Task :Paintroid:checkDebugUnitTestAarMetadata
> Task :Paintroid:generateDebugRFile
> Task :Paintroid:compileDebugLibraryResources
> Task :Paintroid:generateDebugUnitTestResValues
> Task :Paintroid:mapDebugUnitTestSourceSetPaths
> Task :Paintroid:generateDebugUnitTestResources
> Task :Paintroid:mergeDebugUnitTestResources
> Task :Paintroid:extractDeepLinksDebug
> Task :Paintroid:processDebugManifest

> Task :Paintroid:processDebugUnitTestManifest
[androidx.vectordrawable:vectordrawable-animated:1.0.0] /home/runner/.gradle/caches/8.13/transforms/4c0c74693644e94e33bc27c89cbf9cd0/transformed/vectordrawable-animated-1.0.0/AndroidManifest.xml Warning:
	Namespace 'androidx.vectordrawable' is used in multiple modules and/or libraries: androidx.vectordrawable:vectordrawable-animated:1.0.0, androidx.vectordrawable:vectordrawable:1.0.0. Please ensure that all modules and libraries have a unique namespace. For more information, See https://developer.android.com/studio/build/configure-app-module#set-namespace

> Task :Paintroid:processDebugUnitTestResources
> Task :Paintroid:javaPreCompileDebugUnitTest
> Task :Paintroid:generateDebugUnitTestAssets UP-TO-DATE
> Task :Paintroid:mergeDebugShaders
> Task :Paintroid:compileDebugShaders NO-SOURCE
> Task :Paintroid:generateDebugAssets UP-TO-DATE
> Task :Paintroid:mergeDebugAssets
> Task :Paintroid:mergeDebugUnitTestAssets
> Task :Paintroid:packageDebugUnitTestForUnitTest
> Task :Paintroid:generateDebugUnitTestConfig
> Task :Paintroid:compileDebugKotlin
w: file:///home/runner/work/AN-Paint/AN-Paint/Paintroid/src/main/java/org/catrobat/paintroid/classic/AssemblyRenderer.kt:141:23 Unnecessary non-null assertion (!!) on a non-null receiver of type Bitmap
w: file:///home/runner/work/AN-Paint/AN-Paint/Paintroid/src/main/java/org/catrobat/paintroid/classic/ClassicPaintActivity.kt:154:29 'getParcelableArrayList(String?): ArrayList<T!>?' is deprecated. Deprecated in Java
w: file:///home/runner/work/AN-Paint/AN-Paint/Paintroid/src/main/java/org/catrobat/paintroid/classic/ClassicPaintActivity.kt:260:61 'getParcelable(String?): T?' is deprecated. Deprecated in Java
w: file:///home/runner/work/AN-Paint/AN-Paint/Paintroid/src/main/java/org/catrobat/paintroid/classic/ClassicPaintActivity.kt:261:96 'getParcelable(String?): T?' is deprecated. Deprecated in Java
w: file:///home/runner/work/AN-Paint/AN-Paint/Paintroid/src/main/java/org/catrobat/paintroid/classic/ClassicPaintActivity.kt:1128:40 'getParcelableExtra(String!): T?' is deprecated. Deprecated in Java
w: file:///home/runner/work/AN-Paint/AN-Paint/Paintroid/src/main/java/org/catrobat/paintroid/classic/ClassicPaintActivity.kt:1205:39 Condition 'returnedSession!=null' is always 'true'
w: file:///home/runner/work/AN-Paint/AN-Paint/Paintroid/src/main/java/org/catrobat/paintroid/classic/ClassicPaintActivity.kt:1229:21 Unnecessary safe call on a non-null receiver of type Intent?
w: file:///home/runner/work/AN-Paint/AN-Paint/Paintroid/src/main/java/org/catrobat/paintroid/classic/ClassicPaintActivity.kt:1230:21 Unnecessary safe call on a non-null receiver of type Intent?
w: file:///home/runner/work/AN-Paint/AN-Paint/Paintroid/src/main/java/org/catrobat/paintroid/classic/ClassicPaintActivity.kt:1231:21 Unnecessary safe call on a non-null receiver of type Intent?
w: file:///home/runner/work/AN-Paint/AN-Paint/Paintroid/src/main/java/org/catrobat/paintroid/classic/ClassicPaintActivity.kt:1574:26 'setter for systemUiVisibility: Int' is deprecated. Deprecated in Java
w: file:///home/runner/work/AN-Paint/AN-Paint/Paintroid/src/main/java/org/catrobat/paintroid/classic/ClassicPaintActivity.kt:1574:65 'SYSTEM_UI_FLAG_FULLSCREEN: Int' is deprecated. Deprecated in Java
w: file:///home/runner/work/AN-Paint/AN-Paint/Paintroid/src/main/java/org/catrobat/paintroid/classic/ClassicPaintActivity.kt:1574:101 'SYSTEM_UI_FLAG_VISIBLE: Int' is deprecated. Deprecated in Java
w: file:///home/runner/work/AN-Paint/AN-Paint/Paintroid/src/main/java/org/catrobat/paintroid/classic/ColourStatusButton.kt:49:112 'scaledDensity: Float' is deprecated. Deprecated in Java
w: file:///home/runner/work/AN-Paint/AN-Paint/Paintroid/src/main/java/org/catrobat/paintroid/classic/LegalInfo.kt:130:26 This declaration overrides deprecated member but not marked as deprecated itself. Please add @Deprecated annotation or suppress. See https://youtrack.jetbrains.com/issue/KT-47902 for details
w: file:///home/runner/work/AN-Paint/AN-Paint/Paintroid/src/main/java/org/catrobat/paintroid/classic/MediaGalleryActivity.kt:166:30 This declaration overrides deprecated member but not marked as deprecated itself. Please add @Deprecated annotation or suppress. See https://youtrack.jetbrains.com/issue/KT-47902 for details
w: file:///home/runner/work/AN-Paint/AN-Paint/Paintroid/src/main/java/org/catrobat/paintroid/classic/MediaGalleryActivity.kt:379:102 'onBackPressed(): Unit' is deprecated. Deprecated in Java
w: file:///home/runner/work/AN-Paint/AN-Paint/Paintroid/src/main/java/org/catrobat/paintroid/classic/PaintCanvas.kt:578:113 'scaledDensity: Float' is deprecated. Deprecated in Java
w: file:///home/runner/work/AN-Paint/AN-Paint/Paintroid/src/main/java/org/catrobat/paintroid/classic/PaintCanvas.kt:584:113 'scaledDensity: Float' is deprecated. Deprecated in Java
w: file:///home/runner/work/AN-Paint/AN-Paint/Paintroid/src/main/java/org/catrobat/paintroid/classic/PaintCanvas.kt:815:143 'computeBounds(RectF, Boolean): Unit' is deprecated. Deprecated in Java
w: file:///home/runner/work/AN-Paint/AN-Paint/Paintroid/src/main/java/org/catrobat/paintroid/classic/RibbonWidgets.kt:40:15 'setColorFilter(Int, PorterDuff.Mode): Unit' is deprecated. Deprecated in Java

> Task :Paintroid:compileDebugJavaWithJavac
> Task :Paintroid:bundleLibRuntimeToJarDebug
> Task :Paintroid:bundleLibCompileToJarDebug
> Task :Paintroid:processDebugJavaRes
> Task :Paintroid:compileDebugUnitTestKotlin
w: file:///home/runner/work/AN-Paint/AN-Paint/Paintroid/src/test/java/org/catrobat/paintroid/local/ANPaintControlsTest.kt:268:66 Unsafe use of a nullable receiver of type File?
w: file:///home/runner/work/AN-Paint/AN-Paint/Paintroid/src/test/java/org/catrobat/paintroid/local/AppLanguageTest.kt:184:159 Unsafe use of a nullable receiver of type File?
w: file:///home/runner/work/AN-Paint/AN-Paint/Paintroid/src/test/java/org/catrobat/paintroid/local/AssemblyActivityTest.kt:242:62 Unsafe use of a nullable receiver of type File?
w: file:///home/runner/work/AN-Paint/AN-Paint/Paintroid/src/test/java/org/catrobat/paintroid/local/AutosaveQueuedRecoveryTest.kt:106:38 Variable 'result' initializer is redundant
w: file:///home/runner/work/AN-Paint/AN-Paint/Paintroid/src/test/java/org/catrobat/paintroid/local/CanvasEditingControlsTest.kt:79:61 Unsafe use of a nullable receiver of type File?
w: file:///home/runner/work/AN-Paint/AN-Paint/Paintroid/src/test/java/org/catrobat/paintroid/local/ClassicStartupRecoveryTest.kt:171:82 'getParcelableArrayList(String?): ArrayList<T!>?' is deprecated. Deprecated in Java
w: file:///home/runner/work/AN-Paint/AN-Paint/Paintroid/src/test/java/org/catrobat/paintroid/local/ClassicStartupRecoveryTest.kt:178:82 'getParcelableArrayList(String?): ArrayList<T!>?' is deprecated. Deprecated in Java
w: file:///home/runner/work/AN-Paint/AN-Paint/Paintroid/src/test/java/org/catrobat/paintroid/local/ClassicStartupRecoveryTest.kt:204:44 'getParcelableArrayList(String?): ArrayList<T!>?' is deprecated. Deprecated in Java
w: file:///home/runner/work/AN-Paint/AN-Paint/Paintroid/src/test/java/org/catrobat/paintroid/local/ClassicStartupRecoveryTest.kt:204:104 'getParcelable(String?): T?' is deprecated. Deprecated in Java
w: file:///home/runner/work/AN-Paint/AN-Paint/Paintroid/src/test/java/org/catrobat/paintroid/local/ClassicStartupRecoveryTest.kt:238:38 'getParcelableArrayList(String?): ArrayList<T!>?' is deprecated. Deprecated in Java
w: file:///home/runner/work/AN-Paint/AN-Paint/Paintroid/src/test/java/org/catrobat/paintroid/local/ClassicStartupRecoveryTest.kt:251:42 'getParcelableArrayList(String?): ArrayList<T!>?' is deprecated. Deprecated in Java
w: file:///home/runner/work/AN-Paint/AN-Paint/Paintroid/src/test/java/org/catrobat/paintroid/local/ClassicStartupRecoveryTest.kt:276:57 'getParcelableArrayList(String?): ArrayList<T!>?' is deprecated. Deprecated in Java
w: file:///home/runner/work/AN-Paint/AN-Paint/Paintroid/src/test/java/org/catrobat/paintroid/local/ClassicStartupRecoveryTest.kt:276:117 'getParcelable(String?): T?' is deprecated. Deprecated in Java
w: file:///home/runner/work/AN-Paint/AN-Paint/Paintroid/src/test/java/org/catrobat/paintroid/local/ClassicStartupRecoveryTest.kt:311:30 'getParcelableArrayList(String?): ArrayList<T!>?' is deprecated. Deprecated in Java
w: file:///home/runner/work/AN-Paint/AN-Paint/Paintroid/src/test/java/org/catrobat/paintroid/local/ClassicStartupRecoveryTest.kt:313:61 'getParcelable(String?): T?' is deprecated. Deprecated in Java
w: file:///home/runner/work/AN-Paint/AN-Paint/Paintroid/src/test/java/org/catrobat/paintroid/local/ClassicStartupRecoveryTest.kt:314:62 'getParcelable(String?): T?' is deprecated. Deprecated in Java
w: file:///home/runner/work/AN-Paint/AN-Paint/Paintroid/src/test/java/org/catrobat/paintroid/local/ClassicStartupRecoveryTest.kt:319:71 'getParcelableArrayList(String?): ArrayList<T!>?' is deprecated. Deprecated in Java
w: file:///home/runner/work/AN-Paint/AN-Paint/Paintroid/src/test/java/org/catrobat/paintroid/local/ClassicWorkspaceTest.kt:447:67 Unsafe use of a nullable receiver of type File?
w: file:///home/runner/work/AN-Paint/AN-Paint/Paintroid/src/test/java/org/catrobat/paintroid/local/CommonsBlankMapsTest.kt:222:52 'shouldOverrideUrlLoading(WebView!, String!): Boolean' is deprecated. Deprecated in Java
w: file:///home/runner/work/AN-Paint/AN-Paint/Paintroid/src/test/java/org/catrobat/paintroid/local/CommonsBlankMapsTest.kt:253:52 'shouldOverrideUrlLoading(WebView!, String!): Boolean' is deprecated. Deprecated in Java
w: file:///home/runner/work/AN-Paint/AN-Paint/Paintroid/src/test/java/org/catrobat/paintroid/local/CommonsCreditFlowTest.kt:113:48 'shouldOverrideUrlLoading(WebView!, String!): Boolean' is deprecated. Deprecated in Java
w: file:///home/runner/work/AN-Paint/AN-Paint/Paintroid/src/test/java/org/catrobat/paintroid/local/CommonsCreditFlowTest.kt:160:64 Unnecessary non-null assertion (!!) on a non-null receiver of type Bitmap
w: file:///home/runner/work/AN-Paint/AN-Paint/Paintroid/src/test/java/org/catrobat/paintroid/local/CommonsCreditFlowTest.kt:161:64 Unnecessary non-null assertion (!!) on a non-null receiver of type Bitmap
w: file:///home/runner/work/AN-Paint/AN-Paint/Paintroid/src/test/java/org/catrobat/paintroid/local/CommonsCreditSessionIntegrationTest.kt:78:52 'shouldOverrideUrlLoading(WebView!, String!): Boolean' is deprecated. Deprecated in Java
w: file:///home/runner/work/AN-Paint/AN-Paint/Paintroid/src/test/java/org/catrobat/paintroid/local/CommonsHelpProviderTranslationTest.kt:109:42 Unnecessary safe call on a non-null receiver of type LocaleManager?
w: file:///home/runner/work/AN-Paint/AN-Paint/Paintroid/src/test/java/org/catrobat/paintroid/local/CommonsSvgErrorReadabilityTest.kt:150:68 'shouldOverrideUrlLoading(WebView!, String!): Boolean' is deprecated. Deprecated in Java
w: file:///home/runner/work/AN-Paint/AN-Paint/Paintroid/src/test/java/org/catrobat/paintroid/local/CommonsSvgErrorTranslationTest.kt:131:48 'shouldOverrideUrlLoading(WebView!, String!): Boolean' is deprecated. Deprecated in Java
w: file:///home/runner/work/AN-Paint/AN-Paint/Paintroid/src/test/java/org/catrobat/paintroid/local/CursorDrawingTest.kt:130:85 Unsafe use of a nullable receiver of type File?
w: file:///home/runner/work/AN-Paint/AN-Paint/Paintroid/src/test/java/org/catrobat/paintroid/local/DeviceLanguagePickerTest.kt:111:25 'recycle(): Unit' is deprecated. Deprecated in Java
w: file:///home/runner/work/AN-Paint/AN-Paint/Paintroid/src/test/java/org/catrobat/paintroid/local/EdgeSelectionControlsTest.kt:84:61 Unsafe use of a nullable receiver of type File?
w: file:///home/runner/work/AN-Paint/AN-Paint/Paintroid/src/test/java/org/catrobat/paintroid/local/EdgeSelectionControlsTest.kt:112:56 'computeBounds(RectF, Boolean): Unit' is deprecated. Deprecated in Java
w: file:///home/runner/work/AN-Paint/AN-Paint/Paintroid/src/test/java/org/catrobat/paintroid/local/ExportFormatDialogTest.kt:333:65 Unsafe use of a nullable receiver of type File?
w: file:///home/runner/work/AN-Paint/AN-Paint/Paintroid/src/test/java/org/catrobat/paintroid/local/GalleryBackDirectionTest.kt:183:25 'recycle(): Unit' is deprecated. Deprecated in Java
w: file:///home/runner/work/AN-Paint/AN-Paint/Paintroid/src/test/java/org/catrobat/paintroid/local/GalleryControlReachabilityTest.kt:291:41 'getRectSize(Rect!): Unit' is deprecated. Deprecated in Java
w: file:///home/runner/work/AN-Paint/AN-Paint/Paintroid/src/test/java/org/catrobat/paintroid/local/GalleryControlReachabilityTest.kt:309:29 'recycle(): Unit' is deprecated. Deprecated in Java
w: file:///home/runner/work/AN-Paint/AN-Paint/Paintroid/src/test/java/org/catrobat/paintroid/local/GalleryControlsLayoutTest.kt:153:25 'recycle(): Unit' is deprecated. Deprecated in Java
w: file:///home/runner/work/AN-Paint/AN-Paint/Paintroid/src/test/java/org/catrobat/paintroid/local/GalleryCreditBoundsTest.kt:93:69 Unnecessary non-null assertion (!!) on a non-null receiver of type String
w: file:///home/runner/work/AN-Paint/AN-Paint/Paintroid/src/test/java/org/catrobat/paintroid/local/GalleryCreditBoundsTest.kt:94:82 Unnecessary non-null assertion (!!) on a non-null receiver of type String
w: file:///home/runner/work/AN-Paint/AN-Paint/Paintroid/src/test/java/org/catrobat/paintroid/local/GalleryImportTest.kt:88:48 'shouldOverrideUrlLoading(WebView!, String!): Boolean' is deprecated. Deprecated in Java
w: file:///home/runner/work/AN-Paint/AN-Paint/Paintroid/src/test/java/org/catrobat/paintroid/local/GalleryImportTest.kt:148:48 'shouldOverrideUrlLoading(WebView!, String!): Boolean' is deprecated. Deprecated in Java
w: file:///home/runner/work/AN-Paint/AN-Paint/Paintroid/src/test/java/org/catrobat/paintroid/local/GalleryImportTest.kt:169:52 'shouldOverrideUrlLoading(WebView!, String!): Boolean' is deprecated. Deprecated in Java
w: file:///home/runner/work/AN-Paint/AN-Paint/Paintroid/src/test/java/org/catrobat/paintroid/local/ImageResizeFlowTest.kt:59:51 No cast needed
w: file:///home/runner/work/AN-Paint/AN-Paint/Paintroid/src/test/java/org/catrobat/paintroid/local/ImageResizeFlowTest.kt:183:64 Unsafe use of a nullable receiver of type File?
w: file:///home/runner/work/AN-Paint/AN-Paint/Paintroid/src/test/java/org/catrobat/paintroid/local/LegacyBitmapCodecTest.kt:26:52 Parameter 'path' is never used
w: file:///home/runner/work/AN-Paint/AN-Paint/Paintroid/src/test/java/org/catrobat/paintroid/local/LegacyBitmapCodecTest.kt:26:65 Parameter 'shareable' is never used
w: file:///home/runner/work/AN-Paint/AN-Paint/Paintroid/src/test/java/org/catrobat/paintroid/local/LegacyBitmapCodecTest.kt:111:17 Unreachable code
w: file:///home/runner/work/AN-Paint/AN-Paint/Paintroid/src/test/java/org/catrobat/paintroid/local/PixelRegionDecoderShadow.kt:23:65 Parameter 'shareable' is never used
w: file:///home/runner/work/AN-Paint/AN-Paint/Paintroid/src/test/java/org/catrobat/paintroid/local/ResponsiveToolboxTest.kt:131:28 'updateConfiguration(Configuration!, DisplayMetrics!): Unit' is deprecated. Deprecated in Java
w: file:///home/runner/work/AN-Paint/AN-Paint/Paintroid/src/test/java/org/catrobat/paintroid/local/ResponsiveToolboxTest.kt:400:61 Unsafe use of a nullable receiver of type File?
w: file:///home/runner/work/AN-Paint/AN-Paint/Paintroid/src/test/java/org/catrobat/paintroid/local/SizingAndTrimTest.kt:205:62 Unsafe use of a nullable receiver of type File?
w: file:///home/runner/work/AN-Paint/AN-Paint/Paintroid/src/test/java/org/catrobat/paintroid/local/UnifiedEditorTest.kt:206:26 'getParcelableExtra(String!): T?' is deprecated. Deprecated in Java
w: file:///home/runner/work/AN-Paint/AN-Paint/Paintroid/src/test/java/org/catrobat/paintroid/local/VerticalCanvasCaptionTest.kt:296:84 'scaledDensity: Float' is deprecated. Deprecated in Java
w: file:///home/runner/work/AN-Paint/AN-Paint/Paintroid/src/test/java/org/catrobat/paintroid/local/VerticalCanvasCaptionTest.kt:372:77 'scaledDensity: Float' is deprecated. Deprecated in Java
w: file:///home/runner/work/AN-Paint/AN-Paint/Paintroid/src/test/java/org/catrobat/paintroid/local/VerticalNoticeResizeCharacterizationTest.kt:434:69 'recycle(): Unit' is deprecated. Deprecated in Java
w: file:///home/runner/work/AN-Paint/AN-Paint/Paintroid/src/test/java/org/catrobat/paintroid/local/VerticalNoticeResizeCharacterizationTest.kt:486:18 'setDecorFitsSystemWindows(Boolean): Unit' is deprecated. Deprecated in Java
w: file:///home/runner/work/AN-Paint/AN-Paint/Paintroid/src/test/java/org/catrobat/paintroid/local/VerticalRibbonTest.kt:46:194 Unsafe use of a nullable receiver of type File?
w: file:///home/runner/work/AN-Paint/AN-Paint/Paintroid/src/test/java/org/catrobat/paintroid/local/WorkspaceRefinementTest.kt:84:60 Unsafe use of a nullable receiver of type File?
w: file:///home/runner/work/AN-Paint/AN-Paint/Paintroid/src/test/java/org/catrobat/paintroid/local/WorkspaceRefinementTest.kt:289:28 'updateConfiguration(Configuration!, DisplayMetrics!): Unit' is deprecated. Deprecated in Java

> Task :Paintroid:compileDebugUnitTestJavaWithJavac
> Task :Paintroid:processDebugUnitTestJavaRes
> Task :Paintroid:testDebugUnitTest

--- Failed to create image decoder with message 'unimplemented'
--- Failed to create image decoder with message 'unimplemented'
--- Failed to create image decoder with message 'unimplemented'
--- Failed to create image decoder with message 'unimplemented'

[Incubating] Problems report is available at: file:///home/runner/work/AN-Paint/AN-Paint/build/reports/problems/problems-report.html

Deprecated Gradle features were used in this build, making it incompatible with Gradle 9.0.

You can use '--warning-mode all' to show the individual deprecation warnings and determine if they come from your own scripts or plugins.

For more on this, please refer to https://docs.gradle.org/8.13/userguide/command_line_interface.html#sec:command_line_warnings in the Gradle documentation.

BUILD SUCCESSFUL in 7m 22s
40 actionable tasks: 40 executed

See the profiling report at: file:///home/runner/work/AN-Paint/AN-Paint/build/reports/profile/profile-2026-10-10-09-31-13.html
A fine-grained performance profile is available: use the --scan option.
