INSTRUMENTATION_STATUS: class=paint.anpaint.android.GalleryDraftDeviceTest
INSTRUMENTATION_STATUS: current=1
INSTRUMENTATION_STATUS: id=AndroidJUnitRunner
INSTRUMENTATION_STATUS: numtests=3
INSTRUMENTATION_STATUS: stream=
paint.anpaint.android.GalleryDraftDeviceTest:
INSTRUMENTATION_STATUS: test=savedFirstCreditSurvivesRecreationAndCancellationOfAnEmptySecondDraft
INSTRUMENTATION_STATUS_CODE: 1
INSTRUMENTATION_STATUS: class=paint.anpaint.android.GalleryDraftDeviceTest
INSTRUMENTATION_STATUS: current=1
INSTRUMENTATION_STATUS: id=AndroidJUnitRunner
INSTRUMENTATION_STATUS: numtests=3
INSTRUMENTATION_STATUS: stream=.
INSTRUMENTATION_STATUS: test=savedFirstCreditSurvivesRecreationAndCancellationOfAnEmptySecondDraft
INSTRUMENTATION_STATUS_CODE: 0
INSTRUMENTATION_STATUS: class=paint.anpaint.android.GalleryDraftDeviceTest
INSTRUMENTATION_STATUS: current=2
INSTRUMENTATION_STATUS: id=AndroidJUnitRunner
INSTRUMENTATION_STATUS: numtests=3
INSTRUMENTATION_STATUS: stream=
INSTRUMENTATION_STATUS: test=cancelledRecreatedGalleryDraftKeepsTheOriginalDocumentAndCredits
INSTRUMENTATION_STATUS_CODE: 1
INSTRUMENTATION_STATUS: class=paint.anpaint.android.GalleryDraftDeviceTest
INSTRUMENTATION_STATUS: current=2
INSTRUMENTATION_STATUS: id=AndroidJUnitRunner
INSTRUMENTATION_STATUS: numtests=3
INSTRUMENTATION_STATUS: stream=.
INSTRUMENTATION_STATUS: test=cancelledRecreatedGalleryDraftKeepsTheOriginalDocumentAndCredits
INSTRUMENTATION_STATUS_CODE: 0
INSTRUMENTATION_STATUS: class=paint.anpaint.android.GalleryDraftDeviceTest
INSTRUMENTATION_STATUS: current=3
INSTRUMENTATION_STATUS: id=AndroidJUnitRunner
INSTRUMENTATION_STATUS: numtests=3
INSTRUMENTATION_STATUS: stream=
INSTRUMENTATION_STATUS: test=confirmedRecreatedGalleryDraftReturnsToTheCoveredRecreatedEditor
INSTRUMENTATION_STATUS_CODE: 1
INSTRUMENTATION_STATUS: class=paint.anpaint.android.GalleryDraftDeviceTest
INSTRUMENTATION_STATUS: current=3
INSTRUMENTATION_STATUS: id=AndroidJUnitRunner
INSTRUMENTATION_STATUS: numtests=3
INSTRUMENTATION_STATUS: stream=.
INSTRUMENTATION_STATUS: test=confirmedRecreatedGalleryDraftReturnsToTheCoveredRecreatedEditor
INSTRUMENTATION_STATUS_CODE: 0
INSTRUMENTATION_RESULT: stream=

Time: 38.764

OK (3 tests)


INSTRUMENTATION_CODE: -1
