test_adb_zero_does_not_hide_assertion_failure (test_run_android_instrumentation.ProtocolTest.test_adb_zero_does_not_hide_assertion_failure) ... ok
test_complete_success_matches_declared_methods (test_run_android_instrumentation.ProtocolTest.test_complete_success_matches_declared_methods) ... ok
test_ignored_and_assumption_skips_fail (test_run_android_instrumentation.ProtocolTest.test_ignored_and_assumption_skips_fail) ... ok
test_missing_final_result_and_runner_abort_fail (test_run_android_instrumentation.ProtocolTest.test_missing_final_result_and_runner_abort_fail) ... ok
test_missing_method_rejected_even_with_final_ok (test_run_android_instrumentation.ProtocolTest.test_missing_method_rejected_even_with_final_ok) ... ok
test_same_line_annotations_are_included_in_inventory (test_run_android_instrumentation.ProtocolTest.test_same_line_annotations_are_included_in_inventory) ... ok
test_truncated_run_preserves_partial_result_and_errors (test_run_android_instrumentation.ProtocolTest.test_truncated_run_preserves_partial_result_and_errors) ... ok
test_unexpected_duplicate_and_zero_tests_rejected (test_run_android_instrumentation.ProtocolTest.test_unexpected_duplicate_and_zero_tests_rejected) ... ok
test_normal_mode_preserves_original_command_and_cleanup_defaults (test_run_android_instrumentation.RestartModeTest.test_normal_mode_preserves_original_command_and_cleanup_defaults) ... ok
test_partition_covers_future_classes_and_rejects_missing_or_duplicate_phases (test_run_android_instrumentation.RestartModeTest.test_partition_covers_future_classes_and_rejects_missing_or_duplicate_phases) ... ok
test_seed_emits_both_required_options_and_keeps_strict_complete_report (test_run_android_instrumentation.RestartModeTest.test_seed_emits_both_required_options_and_keeps_strict_complete_report) ... ok
test_seed_mode_does_not_accept_truncated_success (test_run_android_instrumentation.RestartModeTest.test_seed_mode_does_not_accept_truncated_success) ... ok
test_seed_mode_rejects_extra_methods_and_unavailable_or_multiple_pids (test_run_android_instrumentation.RestartModeTest.test_seed_mode_rejects_extra_methods_and_unavailable_or_multiple_pids) ... ok

----------------------------------------------------------------------
Ran 13 tests in 0.009s

OK
{
  "success": true,
  "expected_tests": 1,
  "completed_tests": 1,
  "errors": []
}
{
  "success": true,
  "expected_tests": 1,
  "completed_tests": 1,
  "errors": []
}
{
  "success": false,
  "expected_tests": 1,
  "completed_tests": 1,
  "errors": [
    "Missing or unsuccessful final instrumentation result: []"
  ]
}
{
  "success": false,
  "expected_tests": 3,
  "completed_tests": 0,
  "errors": [
    "--leave-target-running is restricted to the one-method accepted-credit seed",
    "adb exited with status None",
    "Missing or unsuccessful final instrumentation result: []",
    "No tests completed",
    "Runner test counts [] do not match 3 declared methods",
    "3 declared test method(s) did not complete"
  ]
}
{
  "success": false,
  "expected_tests": 1,
  "completed_tests": 0,
  "errors": [
    "Command '['adb', 'shell', 'pidof', 'paint.anpaint.android']' returned non-zero exit status 1.",
    "adb exited with status None",
    "Missing or unsuccessful final instrumentation result: []",
    "No tests completed",
    "Runner test counts [] do not match 1 declared methods",
    "1 declared test method(s) did not complete"
  ]
}
{
  "success": false,
  "expected_tests": 1,
  "completed_tests": 0,
  "errors": [
    "Accepted-credit seed requires exactly one already-running target PID",
    "adb exited with status None",
    "Missing or unsuccessful final instrumentation result: []",
    "No tests completed",
    "Runner test counts [] do not match 1 declared methods",
    "1 declared test method(s) did not complete"
  ]
}
