................................................................................................................................F.......................................................................................................................................................................................................................................................................................
======================================================================
FAIL: test_resource_edit_is_exactly_three_additions_without_changing_existing_strings (test_commons_copy_credit_errors.CommonsCopyCreditErrorContracts.test_resource_edit_is_exactly_three_additions_without_changing_existing_strings)
----------------------------------------------------------------------
Traceback (most recent call last):
  File "/workspace/scratch/bbca2890f602/f01-tiff-wording/stacked-candidate/tools/test_commons_copy_credit_errors.py", line 59, in test_resource_edit_is_exactly_three_additions_without_changing_existing_strings
    self.assertEqual(row['before_sha256'], hashlib.sha256(text.encode()).hexdigest())
AssertionError: 'a39ae4d464de6dbdc77bbcca852ef6212a15cac2b8bb72b90692427789fafa44' != '0b7c3fc4e1ee64d33951d5829d800b2eb30fdf9e9e8146f708a1b14517d1933f'
- a39ae4d464de6dbdc77bbcca852ef6212a15cac2b8bb72b90692427789fafa44
+ 0b7c3fc4e1ee64d33951d5829d800b2eb30fdf9e9e8146f708a1b14517d1933f


----------------------------------------------------------------------
Ran 408 tests in 52.756s

FAILED (failures=1)
{
  "success": true,
  "expected_tests": 1,
  "completed_tests": 1,
  "errors": []
}
{
  "success": false,
  "expected_tests": 3,
  "completed_tests": 0,
  "errors": [
    "Device SDK query did not return a positive integer",
    "adb exited with status None",
    "Missing or unsuccessful final instrumentation result: []",
    "No tests completed",
    "Runner test counts [] do not match 3 declared methods",
    "3 declared test method(s) did not complete"
  ]
}
{
  "success": false,
  "expected_tests": 3,
  "completed_tests": 0,
  "errors": [
    "Device SDK query did not return a positive integer",
    "adb exited with status None",
    "Missing or unsuccessful final instrumentation result: []",
    "No tests completed",
    "Runner test counts [] do not match 3 declared methods",
    "3 declared test method(s) did not complete"
  ]
}
{
  "success": false,
  "expected_tests": 3,
  "completed_tests": 0,
  "errors": [
    "Device SDK query did not return a positive integer",
    "adb exited with status None",
    "Missing or unsuccessful final instrumentation result: []",
    "No tests completed",
    "Runner test counts [] do not match 3 declared methods",
    "3 declared test method(s) did not complete"
  ]
}
{
  "success": false,
  "expected_tests": 3,
  "completed_tests": 0,
  "errors": [
    "Device SDK query did not return a positive integer",
    "adb exited with status None",
    "Missing or unsuccessful final instrumentation result: []",
    "No tests completed",
    "Runner test counts [] do not match 3 declared methods",
    "3 declared test method(s) did not complete"
  ]
}
{
  "success": true,
  "expected_tests": 1,
  "completed_tests": 1,
  "errors": []
}
{
  "success": true,
  "expected_tests": 1,
  "completed_tests": 1,
  "errors": []
}
{
  "success": false,
  "expected_tests": 1,
  "completed_tests": 1,
  "errors": [
    "Missing or unsuccessful final instrumentation result: []"
  ]
}
{
  "success": false,
  "expected_tests": 3,
  "completed_tests": 0,
  "errors": [
    "--leave-target-running is restricted to the one-method accepted-credit seed",
    "adb exited with status None",
    "Missing or unsuccessful final instrumentation result: []",
    "No tests completed",
    "Runner test counts [] do not match 3 declared methods",
    "3 declared test method(s) did not complete"
  ]
}
{
  "success": false,
  "expected_tests": 1,
  "completed_tests": 0,
  "errors": [
    "Command '['adb', 'shell', 'pidof', 'paint.anpaint.android']' returned non-zero exit status 1.",
    "adb exited with status None",
    "Missing or unsuccessful final instrumentation result: []",
    "No tests completed",
    "Runner test counts [] do not match 1 declared methods",
    "1 declared test method(s) did not complete"
  ]
}
{
  "success": false,
  "expected_tests": 1,
  "completed_tests": 0,
  "errors": [
    "Accepted-credit seed requires exactly one already-running target PID",
    "adb exited with status None",
    "Missing or unsuccessful final instrumentation result: []",
    "No tests completed",
    "Runner test counts [] do not match 1 declared methods",
    "1 declared test method(s) did not complete"
  ]
}
